//
// SIGBUS Diagnostics for Cadence Design Systems R&D
//
// This file contains potentially useful information in case of
// ungraceful termination. Look at the output dumped after this for 
// potential problems. If you notice any filenames ending with '(deleted)' they were
// deleted after they had been loaded into program memory. This can cause
// random crashes and/or unpredictable behaviour. Please prevent any writes to those files
// while the program is running.

Address of instruction where the signal was raised: 0x7f467949e0c0
Values from siginfo_t: si_addr=0x7f4685a3f010 si_code=2

// Contents of /proc/meminfo: {
MemTotal:         995488 kB
MemFree:           69000 kB
MemAvailable:     122020 kB
Buffers:              28 kB
Cached:           163600 kB
SwapCached:         3304 kB
Active:           307228 kB
Inactive:         345644 kB
Active(anon):     229416 kB
Inactive(anon):   267772 kB
Active(file):      77812 kB
Inactive(file):    77872 kB
Unevictable:           0 kB
Mlocked:               0 kB
SwapTotal:      18874364 kB
SwapFree:       18833404 kB
Dirty:                 4 kB
Writeback:             0 kB
AnonPages:        486032 kB
Mapped:            41604 kB
Shmem:              7940 kB
Slab:             116860 kB
SReclaimable:      50068 kB
SUnreclaim:        66792 kB
KernelStack:        8000 kB
PageTables:        24872 kB
NFS_Unstable:          0 kB
Bounce:                0 kB
WritebackTmp:          0 kB
CommitLimit:    19372108 kB
Committed_AS:    2898388 kB
VmallocTotal:   34359738367 kB
VmallocUsed:      218824 kB
VmallocChunk:   34359277564 kB
Percpu:            54784 kB
HardwareCorrupted:     0 kB
AnonHugePages:     67584 kB
CmaTotal:              0 kB
CmaFree:               0 kB
HugePages_Total:       0
HugePages_Free:        0
HugePages_Rsvd:        0
HugePages_Surp:        0
Hugepagesize:       2048 kB
DirectMap4k:      135040 kB
DirectMap2M:      913408 kB
DirectMap1G:           0 kB
// }

// Contents of /proc/10395/maps: {
0000f000-00010000 ---p 00000000 00:00 0 
00400000-02894000 r-xp 00000000 fd:00 206533527                          /opt/cadence/XCELIUM2009/tools.lnx86/inca/bin/64bit/xmsim
02a94000-02ac8000 r-xp 02494000 fd:00 206533527                          /opt/cadence/XCELIUM2009/tools.lnx86/inca/bin/64bit/xmsim
02ac8000-02c87000 rwxp 024c8000 fd:00 206533527                          /opt/cadence/XCELIUM2009/tools.lnx86/inca/bin/64bit/xmsim
02c87000-03e1c000 rwxp 00000000 00:00 0 
04657000-04dec000 rwxp 00000000 00:00 0                                  [heap]
04dec000-04dee000 ---p 00000000 00:00 0                                  [heap]
04dee000-04e2e000 rwxp 00000000 00:00 0                                  [heap]
04e2e000-04e30000 ---p 00000000 00:00 0                                  [heap]
04e30000-04e31000 rwxp 00000000 00:00 0                                  [heap]
04e31000-04e33000 ---p 00000000 00:00 0                                  [heap]
04e33000-04e73000 rwxp 00000000 00:00 0                                  [heap]
04e73000-04e75000 ---p 00000000 00:00 0                                  [heap]
04e75000-05be6000 rwxp 00000000 00:00 0                                  [heap]
7f4674000000-7f4674021000 rwxp 00000000 00:00 0 
7f4674021000-7f4678000000 ---p 00000000 00:00 0 
7f46789ea000-7f467946d000 rwxp 00000000 00:00 0 
7f467946d000-7f46794e2000 r-xp 00000000 fd:00 217980825                  /opt/cadence/XCELIUM2009/tools.lnx86/simvision/lib/64bit/libdwapi.so
7f46794e2000-7f46796e1000 ---p 00075000 fd:00 217980825                  /opt/cadence/XCELIUM2009/tools.lnx86/simvision/lib/64bit/libdwapi.so
7f46796e1000-7f46796e4000 r-xp 00074000 fd:00 217980825                  /opt/cadence/XCELIUM2009/tools.lnx86/simvision/lib/64bit/libdwapi.so
7f46796e4000-7f46796e5000 rwxp 00077000 fd:00 217980825                  /opt/cadence/XCELIUM2009/tools.lnx86/simvision/lib/64bit/libdwapi.so
7f46796e5000-7f4679ae6000 rwxp 00000000 00:00 0 
7f4679ae6000-7f467a928000 r-xp 00000000 fd:00 75434334                   /opt/cadence/XCELIUM2009/tools.lnx86/rnc/lib/64bit/gnu/6.3/librnc.so
7f467a928000-7f467ab27000 ---p 00e42000 fd:00 75434334                   /opt/cadence/XCELIUM2009/tools.lnx86/rnc/lib/64bit/gnu/6.3/librnc.so
7f467ab27000-7f467abb6000 r-xp 00e41000 fd:00 75434334                   /opt/cadence/XCELIUM2009/tools.lnx86/rnc/lib/64bit/gnu/6.3/librnc.so
7f467abb6000-7f467abc5000 rwxp 00ed0000 fd:00 75434334                   /opt/cadence/XCELIUM2009/tools.lnx86/rnc/lib/64bit/gnu/6.3/librnc.so
7f467abc5000-7f467add9000 rwxp 00000000 00:00 0 
7f467add9000-7f467adfa000 r-xp 00000000 fd:00 137259162                  /opt/cadence/XCELIUM2009/tools.lnx86/methodology/UVM/CDNS-1.1d/ml/lib/64bit/libml_uvm.so
7f467adfa000-7f467aff9000 ---p 00021000 fd:00 137259162                  /opt/cadence/XCELIUM2009/tools.lnx86/methodology/UVM/CDNS-1.1d/ml/lib/64bit/libml_uvm.so
7f467aff9000-7f467affa000 r-xp 00020000 fd:00 137259162                  /opt/cadence/XCELIUM2009/tools.lnx86/methodology/UVM/CDNS-1.1d/ml/lib/64bit/libml_uvm.so
7f467affa000-7f467affb000 rwxp 00021000 fd:00 137259162                  /opt/cadence/XCELIUM2009/tools.lnx86/methodology/UVM/CDNS-1.1d/ml/lib/64bit/libml_uvm.so
7f467affb000-7f467affd000 ---p 00000000 00:00 0 
7f467affd000-7f467b7fd000 rwxp 00000000 00:00 0 
7f467b7fd000-7f467b7ff000 ---p 00000000 00:00 0 
7f467b7ff000-7f467b800000 ---p 00000000 00:00 0 
7f467b800000-7f467c000000 rwxp 00000000 00:00 0 
7f467c000000-7f467c4be000 rwxp 00000000 00:00 0 
7f467c4be000-7f4680000000 ---p 00000000 00:00 0 
7f468006a000-7f468008a000 r-xp 00000000 fd:00 10166                      /usr/lib64/libnssdbm3.so
7f468008a000-7f4680289000 ---p 00020000 fd:00 10166                      /usr/lib64/libnssdbm3.so
7f4680289000-7f468028a000 r-xp 0001f000 fd:00 10166                      /usr/lib64/libnssdbm3.so
7f468028a000-7f468028b000 rwxp 00020000 fd:00 10166                      /usr/lib64/libnssdbm3.so
7f468028b000-7f4680337000 r-xp 00000000 fd:00 9675                       /usr/lib64/libfreeblpriv3.so
7f4680337000-7f4680536000 ---p 000ac000 fd:00 9675                       /usr/lib64/libfreeblpriv3.so
7f4680536000-7f4680538000 r-xp 000ab000 fd:00 9675                       /usr/lib64/libfreeblpriv3.so
7f4680538000-7f4680539000 rwxp 000ad000 fd:00 9675                       /usr/lib64/libfreeblpriv3.so
7f4680539000-7f468053d000 rwxp 00000000 00:00 0 
7f468053d000-7f46805ee000 r-xp 00000000 fd:00 10156                      /usr/lib64/libsqlite3.so.0.8.6
7f46805ee000-7f46807ed000 ---p 000b1000 fd:00 10156                      /usr/lib64/libsqlite3.so.0.8.6
7f46807ed000-7f46807ef000 r-xp 000b0000 fd:00 10156                      /usr/lib64/libsqlite3.so.0.8.6
7f46807ef000-7f46807f2000 rwxp 000b2000 fd:00 10156                      /usr/lib64/libsqlite3.so.0.8.6
7f46807f2000-7f4680841000 r-xp 00000000 fd:00 10171                      /usr/lib64/libsoftokn3.so
7f4680841000-7f4680a41000 ---p 0004f000 fd:00 10171                      /usr/lib64/libsoftokn3.so
7f4680a41000-7f4680a42000 r-xp 0004f000 fd:00 10171                      /usr/lib64/libsoftokn3.so
7f4680a42000-7f4680a45000 rwxp 00050000 fd:00 10171                      /usr/lib64/libsoftokn3.so
7f4680a45000-7f4680a46000 rwxp 00000000 00:00 0 
7f4680a46000-7f4680a80000 r-xp 00000000 fd:00 347178                     /usr/lib64/libnspr4.so
7f4680a80000-7f4680c80000 ---p 0003a000 fd:00 347178                     /usr/lib64/libnspr4.so
7f4680c80000-7f4680c81000 r-xp 0003a000 fd:00 347178                     /usr/lib64/libnspr4.so
7f4680c81000-7f4680c83000 rwxp 0003b000 fd:00 347178                     /usr/lib64/libnspr4.so
7f4680c83000-7f4680c85000 rwxp 00000000 00:00 0 
7f4680c85000-7f4680c88000 r-xp 00000000 fd:00 347187                     /usr/lib64/libplds4.so
7f4680c88000-7f4680e87000 ---p 00003000 fd:00 347187                     /usr/lib64/libplds4.so
7f4680e87000-7f4680e88000 r-xp 00002000 fd:00 347187                     /usr/lib64/libplds4.so
7f4680e88000-7f4680e89000 rwxp 00003000 fd:00 347187                     /usr/lib64/libplds4.so
7f4680e89000-7f4680e8d000 r-xp 00000000 fd:00 347186                     /usr/lib64/libplc4.so
7f4680e8d000-7f468108c000 ---p 00004000 fd:00 347186                     /usr/lib64/libplc4.so
7f468108c000-7f468108d000 r-xp 00003000 fd:00 347186                     /usr/lib64/libplc4.so
7f468108d000-7f468108e000 rwxp 00004000 fd:00 347186                     /usr/lib64/libplc4.so
7f468108e000-7f46810b7000 r-xp 00000000 fd:00 347190                     /usr/lib64/libnssutil3.so
7f46810b7000-7f46812b7000 ---p 00029000 fd:00 347190                     /usr/lib64/libnssutil3.so
7f46812b7000-7f46812be000 r-xp 00029000 fd:00 347190                     /usr/lib64/libnssutil3.so
7f46812be000-7f46812bf000 rwxp 00030000 fd:00 347190                     /usr/lib64/libnssutil3.so
7f46812bf000-7f46813f0000 r-xp 00000000 fd:00 2459807                    /usr/lib64/libnss3.so
7f46813f0000-7f46815f0000 ---p 00131000 fd:00 2459807                    /usr/lib64/libnss3.so
7f46815f0000-7f46815f5000 r-xp 00131000 fd:00 2459807                    /usr/lib64/libnss3.so
7f46815f5000-7f46815f8000 rwxp 00136000 fd:00 2459807                    /usr/lib64/libnss3.so
7f46815f8000-7f46815f9000 rwxp 00000000 00:00 0 
7f46815f9000-7f46815fa000 ---p 00000000 00:00 0 
7f46815fa000-7f4681dfa000 rwxp 00000000 00:00 0 
7f4681dfa000-7f4681e09000 r-xp 00000000 fd:00 10067                      /usr/lib64/libbz2.so.1.0.6
7f4681e09000-7f4682008000 ---p 0000f000 fd:00 10067                      /usr/lib64/libbz2.so.1.0.6
7f4682008000-7f4682009000 r-xp 0000e000 fd:00 10067                      /usr/lib64/libbz2.so.1.0.6
7f4682009000-7f468200a000 rwxp 0000f000 fd:00 10067                      /usr/lib64/libbz2.so.1.0.6
7f468200a000-7f468202f000 r-xp 00000000 fd:00 10060                      /usr/lib64/liblzma.so.5.2.2
7f468202f000-7f468222e000 ---p 00025000 fd:00 10060                      /usr/lib64/liblzma.so.5.2.2
7f468222e000-7f468222f000 r-xp 00024000 fd:00 10060                      /usr/lib64/liblzma.so.5.2.2
7f468222f000-7f4682230000 rwxp 00025000 fd:00 10060                      /usr/lib64/liblzma.so.5.2.2
7f4682230000-7f4682245000 r-xp 00000000 fd:00 536962                     /usr/lib64/libz.so.1.2.7
7f4682245000-7f4682444000 ---p 00015000 fd:00 536962                     /usr/lib64/libz.so.1.2.7
7f4682444000-7f4682445000 r-xp 00014000 fd:00 536962                     /usr/lib64/libz.so.1.2.7
7f4682445000-7f4682446000 rwxp 00015000 fd:00 536962                     /usr/lib64/libz.so.1.2.7
7f4682446000-7f468245d000 r-xp 00000000 fd:00 10099                      /usr/lib64/libelf-0.176.so
7f468245d000-7f468265c000 ---p 00017000 fd:00 10099                      /usr/lib64/libelf-0.176.so
7f468265c000-7f468265d000 r-xp 00016000 fd:00 10099                      /usr/lib64/libelf-0.176.so
7f468265d000-7f468265e000 rwxp 00017000 fd:00 10099                      /usr/lib64/libelf-0.176.so
7f468265e000-7f4682662000 r-xp 00000000 fd:00 10109                      /usr/lib64/libattr.so.1.1.0
7f4682662000-7f4682861000 ---p 00004000 fd:00 10109                      /usr/lib64/libattr.so.1.1.0
7f4682861000-7f4682862000 r-xp 00003000 fd:00 10109                      /usr/lib64/libattr.so.1.1.0
7f4682862000-7f4682863000 rwxp 00004000 fd:00 10109                      /usr/lib64/libattr.so.1.1.0
7f4682863000-7f46828b1000 r-xp 00000000 fd:00 98063                      /usr/lib64/libdw-0.176.so
7f46828b1000-7f4682ab1000 ---p 0004e000 fd:00 98063                      /usr/lib64/libdw-0.176.so
7f4682ab1000-7f4682ab3000 r-xp 0004e000 fd:00 98063                      /usr/lib64/libdw-0.176.so
7f4682ab3000-7f4682ab4000 rwxp 00050000 fd:00 98063                      /usr/lib64/libdw-0.176.so
7f4682ab4000-7f4682abb000 r-xp 00000000 fd:00 9985                       /usr/lib64/librt-2.17.so
7f4682abb000-7f4682cba000 ---p 00007000 fd:00 9985                       /usr/lib64/librt-2.17.so
7f4682cba000-7f4682cbb000 r-xp 00006000 fd:00 9985                       /usr/lib64/librt-2.17.so
7f4682cbb000-7f4682cbc000 rwxp 00007000 fd:00 9985                       /usr/lib64/librt-2.17.so
7f4682cbc000-7f4682cc0000 r-xp 00000000 fd:00 10111                      /usr/lib64/libcap.so.2.22
7f4682cc0000-7f4682ebf000 ---p 00004000 fd:00 10111                      /usr/lib64/libcap.so.2.22
7f4682ebf000-7f4682ec0000 r-xp 00003000 fd:00 10111                      /usr/lib64/libcap.so.2.22
7f4682ec0000-7f4682ec1000 rwxp 00004000 fd:00 10111                      /usr/lib64/libcap.so.2.22
7f4682ec1000-7f4682ed3000 r-xp 00000000 fd:00 344                        /usr/lib64/libnss_myhostname.so.2
7f4682ed3000-7f46830d2000 ---p 00012000 fd:00 344                        /usr/lib64/libnss_myhostname.so.2
7f46830d2000-7f46830d5000 r-xp 00011000 fd:00 344                        /usr/lib64/libnss_myhostname.so.2
7f46830d5000-7f46830d6000 rwxp 00014000 fd:00 344                        /usr/lib64/libnss_myhostname.so.2
7f46830d6000-7f46830ec000 r-xp 00000000 fd:00 9983                       /usr/lib64/libresolv-2.17.so
7f46830ec000-7f46832ec000 ---p 00016000 fd:00 9983                       /usr/lib64/libresolv-2.17.so
7f46832ec000-7f46832ed000 r-xp 00016000 fd:00 9983                       /usr/lib64/libresolv-2.17.so
7f46832ed000-7f46832ee000 rwxp 00017000 fd:00 9983                       /usr/lib64/libresolv-2.17.so
7f46832ee000-7f46832f0000 rwxp 00000000 00:00 0 
7f46832f0000-7f46832f6000 r-xp 00000000 fd:00 9971                       /usr/lib64/libnss_dns-2.17.so
7f46832f6000-7f46834f5000 ---p 00006000 fd:00 9971                       /usr/lib64/libnss_dns-2.17.so
7f46834f5000-7f46834f6000 r-xp 00005000 fd:00 9971                       /usr/lib64/libnss_dns-2.17.so
7f46834f6000-7f46834f7000 rwxp 00006000 fd:00 9971                       /usr/lib64/libnss_dns-2.17.so
7f46834f7000-7f468365d000 r-xp 00000000 fd:00 147900266                  /opt/cadence/XCELIUM2009/tools.lnx86/lib/64bit/libStrapNC.so
7f468365d000-7f468385c000 ---p 00166000 fd:00 147900266                  /opt/cadence/XCELIUM2009/tools.lnx86/lib/64bit/libStrapNC.so
7f468385c000-7f468385e000 r-xp 00165000 fd:00 147900266                  /opt/cadence/XCELIUM2009/tools.lnx86/lib/64bit/libStrapNC.so
7f468385e000-7f4683893000 rwxp 00167000 fd:00 147900266                  /opt/cadence/XCELIUM2009/tools.lnx86/lib/64bit/libStrapNC.so
7f4683893000-7f46838a1000 rwxp 00000000 00:00 0 
7f46838a1000-7f4683943000 r-xp 00000000 fd:00 217980828                  /opt/cadence/XCELIUM2009/tools.lnx86/simvision/lib/64bit/libdcapi.so
7f4683943000-7f4683b43000 ---p 000a2000 fd:00 217980828                  /opt/cadence/XCELIUM2009/tools.lnx86/simvision/lib/64bit/libdcapi.so
7f4683b43000-7f4683b44000 r-xp 000a2000 fd:00 217980828                  /opt/cadence/XCELIUM2009/tools.lnx86/simvision/lib/64bit/libdcapi.so
7f4683b44000-7f4683b4f000 rwxp 000a3000 fd:00 217980828                  /opt/cadence/XCELIUM2009/tools.lnx86/simvision/lib/64bit/libdcapi.so
7f4683b4f000-7f4683b50000 rwxp 00000000 00:00 0 
7f4683b50000-7f4683b5c000 r-xp 00000000 fd:00 9973                       /usr/lib64/libnss_files-2.17.so
7f4683b5c000-7f4683d5b000 ---p 0000c000 fd:00 9973                       /usr/lib64/libnss_files-2.17.so
7f4683d5b000-7f4683d5c000 r-xp 0000b000 fd:00 9973                       /usr/lib64/libnss_files-2.17.so
7f4683d5c000-7f4683d5d000 rwxp 0000c000 fd:00 9973                       /usr/lib64/libnss_files-2.17.so
7f4683d5d000-7f4683d63000 rwxp 00000000 00:00 0 
7f4683d63000-7f4683d64000 ---p 00000000 00:00 0 
7f4683d64000-7f4684564000 rwxp 00000000 00:00 0 
7f4684564000-7f46845c1000 r-xp 00000000 fd:00 151973973                  /opt/cadence/XCELIUM2009/tools.lnx86/inca/lib/64bit/libcbreakpad.so
7f46845c1000-7f46847c1000 ---p 0005d000 fd:00 151973973                  /opt/cadence/XCELIUM2009/tools.lnx86/inca/lib/64bit/libcbreakpad.so
7f46847c1000-7f46847c2000 r-xp 0005d000 fd:00 151973973                  /opt/cadence/XCELIUM2009/tools.lnx86/inca/lib/64bit/libcbreakpad.so
7f46847c2000-7f46847c5000 rwxp 0005e000 fd:00 151973973                  /opt/cadence/XCELIUM2009/tools.lnx86/inca/lib/64bit/libcbreakpad.so
7f46847c5000-7f46847cc000 rwxp 00000000 00:00 0 
7f46847cc000-7f4684990000 r-xp 00000000 fd:00 9955                       /usr/lib64/libc-2.17.so
7f4684990000-7f4684b8f000 ---p 001c4000 fd:00 9955                       /usr/lib64/libc-2.17.so
7f4684b8f000-7f4684b93000 r-xp 001c3000 fd:00 9955                       /usr/lib64/libc-2.17.so
7f4684b93000-7f4684b95000 rwxp 001c7000 fd:00 9955                       /usr/lib64/libc-2.17.so
7f4684b95000-7f4684b9a000 rwxp 00000000 00:00 0 
7f4684b9a000-7f4684bb0000 r-xp 00000000 fd:00 150208560                  /opt/cadence/XCELIUM2009/tools.lnx86/lib/64bit/libgcc_s.so.1
7f4684bb0000-7f4684daf000 ---p 00016000 fd:00 150208560                  /opt/cadence/XCELIUM2009/tools.lnx86/lib/64bit/libgcc_s.so.1
7f4684daf000-7f4684db0000 r-xp 00015000 fd:00 150208560                  /opt/cadence/XCELIUM2009/tools.lnx86/lib/64bit/libgcc_s.so.1
7f4684db0000-7f4684db1000 rwxp 00016000 fd:00 150208560                  /opt/cadence/XCELIUM2009/tools.lnx86/lib/64bit/libgcc_s.so.1
7f4684db1000-7f4684f23000 r-xp 00000000 fd:00 150208572                  /opt/cadence/XCELIUM2009/tools.lnx86/lib/64bit/libstdc++.so.6.0.22
7f4684f23000-7f4685122000 ---p 00172000 fd:00 150208572                  /opt/cadence/XCELIUM2009/tools.lnx86/lib/64bit/libstdc++.so.6.0.22
7f4685122000-7f468512c000 r-xp 00171000 fd:00 150208572                  /opt/cadence/XCELIUM2009/tools.lnx86/lib/64bit/libstdc++.so.6.0.22
7f468512c000-7f468512e000 rwxp 0017b000 fd:00 150208572                  /opt/cadence/XCELIUM2009/tools.lnx86/lib/64bit/libstdc++.so.6.0.22
7f468512e000-7f4685132000 rwxp 00000000 00:00 0 
7f4685132000-7f4685233000 r-xp 00000000 fd:00 9963                       /usr/lib64/libm-2.17.so
7f4685233000-7f4685432000 ---p 00101000 fd:00 9963                       /usr/lib64/libm-2.17.so
7f4685432000-7f4685433000 r-xp 00100000 fd:00 9963                       /usr/lib64/libm-2.17.so
7f4685433000-7f4685434000 rwxp 00101000 fd:00 9963                       /usr/lib64/libm-2.17.so
7f4685434000-7f4685436000 r-xp 00000000 fd:00 9961                       /usr/lib64/libdl-2.17.so
7f4685436000-7f4685636000 ---p 00002000 fd:00 9961                       /usr/lib64/libdl-2.17.so
7f4685636000-7f4685637000 r-xp 00002000 fd:00 9961                       /usr/lib64/libdl-2.17.so
7f4685637000-7f4685638000 rwxp 00003000 fd:00 9961                       /usr/lib64/libdl-2.17.so
7f4685638000-7f468564f000 r-xp 00000000 fd:00 9981                       /usr/lib64/libpthread-2.17.so
7f468564f000-7f468584e000 ---p 00017000 fd:00 9981                       /usr/lib64/libpthread-2.17.so
7f468584e000-7f468584f000 r-xp 00016000 fd:00 9981                       /usr/lib64/libpthread-2.17.so
7f468584f000-7f4685850000 rwxp 00017000 fd:00 9981                       /usr/lib64/libpthread-2.17.so
7f4685850000-7f4685854000 rwxp 00000000 00:00 0 
7f4685854000-7f4685876000 r-xp 00000000 fd:00 9948                       /usr/lib64/ld-2.17.so
7f4685a3f000-7f4685a4f000 rwxs 00000000 00:2b 4188                       /home/admin/shared/share_vmware/synthesis/tb.shm/tb.dsn
7f4685a4f000-7f4685a58000 rwxp 00000000 00:00 0 
7f4685a5e000-7f4685a60000 rwxp 00000000 00:00 0 
7f4685a60000-7f4685a70000 rwxs 00000000 00:2b 4186                       /home/admin/shared/share_vmware/synthesis/waves.shm/waves.dsn
7f4685a70000-7f4685a75000 rwxp 00000000 00:00 0 
7f4685a75000-7f4685a76000 r-xp 00021000 fd:00 9948                       /usr/lib64/ld-2.17.so
7f4685a76000-7f4685a77000 rwxp 00022000 fd:00 9948                       /usr/lib64/ld-2.17.so
7f4685a77000-7f4685a78000 rwxp 00000000 00:00 0 
7ffeeb837000-7ffeeb8bd000 rwxp 00000000 00:00 0                          [stack]
7ffeeb99b000-7ffeeb99d000 r-xp 00000000 00:00 0                          [vdso]
ffffffffff600000-ffffffffff601000 r-xp 00000000 00:00 0                  [vsyscall]
// }

// Contents of /proc/10395/smaps: {
0000f000-00010000 ---p 00000000 00:00 0 
Size:                  4 kB
Rss:                   0 kB
Pss:                   0 kB
Shared_Clean:          0 kB
Shared_Dirty:          0 kB
Private_Clean:         0 kB
Private_Dirty:         0 kB
Referenced:            0 kB
Anonymous:             0 kB
AnonHugePages:         0 kB
Swap:                  0 kB
KernelPageSize:        4 kB
MMUPageSize:           4 kB
Locked:                0 kB
VmFlags: mr mp me lo sd 
00400000-02894000 r-xp 00000000 fd:00 206533527                          /opt/cadence/XCELIUM2009/tools.lnx86/inca/bin/64bit/xmsim
Size:              37456 kB
Rss:                8220 kB
Pss:                8220 kB
Shared_Clean:          0 kB
Shared_Dirty:          0 kB
Private_Clean:      8220 kB
Private_Dirty:         0 kB
Referenced:         8212 kB
Anonymous:             0 kB
AnonHugePages:         0 kB
Swap:                  0 kB
KernelPageSize:        4 kB
MMUPageSize:           4 kB
Locked:                0 kB
VmFlags: rd ex mr mp me dw sd 
02a94000-02ac8000 r-xp 02494000 fd:00 206533527                          /opt/cadence/XCELIUM2009/tools.lnx86/inca/bin/64bit/xmsim
Size:                208 kB
Rss:                  76 kB
Pss:                  76 kB
Shared_Clean:          0 kB
Shared_Dirty:          0 kB
Private_Clean:        64 kB
Private_Dirty:        12 kB
Referenced:           76 kB
Anonymous:            12 kB
AnonHugePages:         0 kB
Swap:                  0 kB
KernelPageSize:        4 kB
MMUPageSize:           4 kB
Locked:                0 kB
VmFlags: rd ex mr mp me dw ac sd 
02ac8000-02c87000 rwxp 024c8000 fd:00 206533527                          /opt/cadence/XCELIUM2009/tools.lnx86/inca/bin/64bit/xmsim
Size:               1788 kB
Rss:                 600 kB
Pss:                 600 kB
Shared_Clean:          0 kB
Shared_Dirty:          0 kB
Private_Clean:       292 kB
Private_Dirty:       308 kB
Referenced:          600 kB
Anonymous:           308 kB
AnonHugePages:         0 kB
Swap:                  0 kB
KernelPageSize:        4 kB
MMUPageSize:           4 kB
Locked:                0 kB
VmFlags: rd wr ex mr mp me dw ac sd 
02c87000-03e1c000 rwxp 00000000 00:00 0 
Size:              18004 kB
Rss:                8016 kB
Pss:                8016 kB
Shared_Clean:          0 kB
Shared_Dirty:          0 kB
Private_Clean:         0 kB
Private_Dirty:      8016 kB
Referenced:         6904 kB
Anonymous:          8016 kB
AnonHugePages:         0 kB
Swap:                  0 kB
KernelPageSize:        4 kB
MMUPageSize:           4 kB
Locked:                0 kB
VmFlags: rd wr ex mr mp me ac sd 
04657000-04dec000 rwxp 00000000 00:00 0                                  [heap]
Size:               7764 kB
Rss:                7668 kB
Pss:                7668 kB
Shared_Clean:          0 kB
Shared_Dirty:          0 kB
Private_Clean:         0 kB
Private_Dirty:      7668 kB
Referenced:         7668 kB
Anonymous:          7668 kB
AnonHugePages:         0 kB
Swap:                  0 kB
KernelPageSize:        4 kB
MMUPageSize:           4 kB
Locked:                0 kB
VmFlags: rd wr ex mr mp me ac sd 
04dec000-04dee000 ---p 00000000 00:00 0                                  [heap]
Size:                  8 kB
Rss:                   8 kB
Pss:                   8 kB
Shared_Clean:          0 kB
Shared_Dirty:          0 kB
Private_Clean:         0 kB
Private_Dirty:         8 kB
Referenced:            8 kB
Anonymous:             8 kB
AnonHugePages:         0 kB
Swap:                  0 kB
KernelPageSize:        4 kB
MMUPageSize:           4 kB
Locked:                0 kB
VmFlags: mr mp me ac sd 
04dee000-04e2e000 rwxp 00000000 00:00 0                                  [heap]
Size:                256 kB
Rss:                 256 kB
Pss:                 256 kB
Shared_Clean:          0 kB
Shared_Dirty:          0 kB
Private_Clean:         0 kB
Private_Dirty:       256 kB
Referenced:          256 kB
Anonymous:           256 kB
AnonHugePages:         0 kB
Swap:                  0 kB
KernelPageSize:        4 kB
MMUPageSize:           4 kB
Locked:                0 kB
VmFlags: rd wr ex mr mp me ac sd 
04e2e000-04e30000 ---p 00000000 00:00 0                                  [heap]
Size:                  8 kB
Rss:                   8 kB
Pss:                   8 kB
Shared_Clean:          0 kB
Shared_Dirty:          0 kB
Private_Clean:         0 kB
Private_Dirty:         8 kB
Referenced:            8 kB
Anonymous:             8 kB
AnonHugePages:         0 kB
Swap:                  0 kB
KernelPageSize:        4 kB
MMUPageSize:           4 kB
Locked:                0 kB
VmFlags: mr mp me ac sd 
04e30000-04e31000 rwxp 00000000 00:00 0                                  [heap]
Size:                  4 kB
Rss:                   4 kB
Pss:                   4 kB
Shared_Clean:          0 kB
Shared_Dirty:          0 kB
Private_Clean:         0 kB
Private_Dirty:         4 kB
Referenced:            4 kB
Anonymous:             4 kB
AnonHugePages:         0 kB
Swap:                  0 kB
KernelPageSize:        4 kB
MMUPageSize:           4 kB
Locked:                0 kB
VmFlags: rd wr ex mr mp me ac sd 
04e31000-04e33000 ---p 00000000 00:00 0                                  [heap]
Size:                  8 kB
Rss:                   8 kB
Pss:                   8 kB
Shared_Clean:          0 kB
Shared_Dirty:          0 kB
Private_Clean:         0 kB
Private_Dirty:         8 kB
Referenced:            8 kB
Anonymous:             8 kB
AnonHugePages:         0 kB
Swap:                  0 kB
KernelPageSize:        4 kB
MMUPageSize:           4 kB
Locked:                0 kB
VmFlags: mr mp me ac sd 
04e33000-04e73000 rwxp 00000000 00:00 0                                  [heap]
Size:                256 kB
Rss:                 256 kB
Pss:                 256 kB
Shared_Clean:          0 kB
Shared_Dirty:          0 kB
Private_Clean:         0 kB
Private_Dirty:       256 kB
Referenced:          256 kB
Anonymous:           256 kB
AnonHugePages:         0 kB
Swap:                  0 kB
KernelPageSize:        4 kB
MMUPageSize:           4 kB
Locked:                0 kB
VmFlags: rd wr ex mr mp me ac sd 
04e73000-04e75000 ---p 00000000 00:00 0                                  [heap]
Size:                  8 kB
Rss:                   8 kB
Pss:                   8 kB
Shared_Clean:          0 kB
Shared_Dirty:          0 kB
Private_Clean:         0 kB
Private_Dirty:         8 kB
Referenced:            8 kB
Anonymous:             8 kB
AnonHugePages:         0 kB
Swap:                  0 kB
KernelPageSize:        4 kB
MMUPageSize:           4 kB
Locked:                0 kB
VmFlags: mr mp me ac sd 
04e75000-05be6000 rwxp 00000000 00:00 0                                  [heap]
Size:              13764 kB
Rss:               12968 kB
Pss:               12968 kB
Shared_Clean:          0 kB
Shared_Dirty:          0 kB
Private_Clean:         0 kB
Private_Dirty:     12968 kB
Referenced:        12968 kB
Anonymous:         12968 kB
AnonHugePages:         0 kB
Swap:                  0 kB
KernelPageSize:        4 kB
MMUPageSize:           4 kB
Locked:                0 kB
VmFlags: rd wr ex mr mp me ac sd 
7f4674000000-7f4674021000 rwxp 00000000 00:00 0 
Size:                132 kB
Rss:                   4 kB
Pss:                   4 kB
Shared_Clean:          0 kB
Shared_Dirty:          0 kB
Private_Clean:         0 kB
Private_Dirty:         4 kB
Referenced:            4 kB
Anonymous:             4 kB
AnonHugePages:         0 kB
Swap:                  0 kB
KernelPageSize:        4 kB
MMUPageSize:           4 kB
Locked:                0 kB
VmFlags: rd wr ex mr mp me nr sd 
7f4674021000-7f4678000000 ---p 00000000 00:00 0 
Size:              65404 kB
Rss:                   0 kB
Pss:                   0 kB
Shared_Clean:          0 kB
Shared_Dirty:          0 kB
Private_Clean:         0 kB
Private_Dirty:         0 kB
Referenced:            0 kB
Anonymous:             0 kB
AnonHugePages:         0 kB
Swap:                  0 kB
KernelPageSize:        4 kB
MMUPageSize:           4 kB
Locked:                0 kB
VmFlags: mr mp me nr sd 
7f46789ea000-7f467946d000 rwxp 00000000 00:00 0 
Size:              10764 kB
Rss:               10752 kB
Pss:               10752 kB
Shared_Clean:          0 kB
Shared_Dirty:          0 kB
Private_Clean:         0 kB
Private_Dirty:     10752 kB
Referenced:        10752 kB
Anonymous:         10752 kB
AnonHugePages:         0 kB
Swap:                  0 kB
KernelPageSize:        4 kB
MMUPageSize:           4 kB
Locked:                0 kB
VmFlags: rd wr ex mr mp me ac sd 
7f467946d000-7f46794e2000 r-xp 00000000 fd:00 217980825                  /opt/cadence/XCELIUM2009/tools.lnx86/simvision/lib/64bit/libdwapi.so
Size:                468 kB
Rss:                 288 kB
Pss:                 288 kB
Shared_Clean:          0 kB
Shared_Dirty:          0 kB
Private_Clean:       288 kB
Private_Dirty:         0 kB
Referenced:          288 kB
Anonymous:             0 kB
AnonHugePages:         0 kB
Swap:                  0 kB
KernelPageSize:        4 kB
MMUPageSize:           4 kB
Locked:                0 kB
VmFlags: rd ex mr mp me sd 
7f46794e2000-7f46796e1000 ---p 00075000 fd:00 217980825                  /opt/cadence/XCELIUM2009/tools.lnx86/simvision/lib/64bit/libdwapi.so
Size:               2044 kB
Rss:                   0 kB
Pss:                   0 kB
Shared_Clean:          0 kB
Shared_Dirty:          0 kB
Private_Clean:         0 kB
Private_Dirty:         0 kB
Referenced:            0 kB
Anonymous:             0 kB
AnonHugePages:         0 kB
Swap:                  0 kB
KernelPageSize:        4 kB
MMUPageSize:           4 kB
Locked:                0 kB
VmFlags: mr mp me sd 
7f46796e1000-7f46796e4000 r-xp 00074000 fd:00 217980825                  /opt/cadence/XCELIUM2009/tools.lnx86/simvision/lib/64bit/libdwapi.so
Size:                 12 kB
Rss:                  12 kB
Pss:                  12 kB
Shared_Clean:          0 kB
Shared_Dirty:          0 kB
Private_Clean:         0 kB
Private_Dirty:        12 kB
Referenced:           12 kB
Anonymous:            12 kB
AnonHugePages:         0 kB
Swap:                  0 kB
KernelPageSize:        4 kB
MMUPageSize:           4 kB
Locked:                0 kB
VmFlags: rd ex mr mp me ac sd 
7f46796e4000-7f46796e5000 rwxp 00077000 fd:00 217980825                  /opt/cadence/XCELIUM2009/tools.lnx86/simvision/lib/64bit/libdwapi.so
Size:                  4 kB
Rss:                   4 kB
Pss:                   4 kB
Shared_Clean:          0 kB
Shared_Dirty:          0 kB
Private_Clean:         0 kB
Private_Dirty:         4 kB
Referenced:            4 kB
Anonymous:             4 kB
AnonHugePages:         0 kB
Swap:                  0 kB
KernelPageSize:        4 kB
MMUPageSize:           4 kB
Locked:                0 kB
VmFlags: rd wr ex mr mp me ac sd 
7f46796e5000-7f4679ae6000 rwxp 00000000 00:00 0 
Size:               4100 kB
Rss:                4100 kB
Pss:                4100 kB
Shared_Clean:          0 kB
Shared_Dirty:          0 kB
Private_Clean:         0 kB
Private_Dirty:      4100 kB
Referenced:         4100 kB
Anonymous:          4100 kB
AnonHugePages:         0 kB
Swap:                  0 kB
KernelPageSize:        4 kB
MMUPageSize:           4 kB
Locked:                0 kB
VmFlags: rd wr ex mr mp me ac sd 
7f4679ae6000-7f467a928000 r-xp 00000000 fd:00 75434334                   /opt/cadence/XCELIUM2009/tools.lnx86/rnc/lib/64bit/gnu/6.3/librnc.so
Size:              14600 kB
Rss:                4960 kB
Pss:                4960 kB
Shared_Clean:          0 kB
Shared_Dirty:          0 kB
Private_Clean:      4960 kB
Private_Dirty:         0 kB
Referenced:         4944 kB
Anonymous:             0 kB
AnonHugePages:         0 kB
Swap:                  0 kB
KernelPageSize:        4 kB
MMUPageSize:           4 kB
Locked:                0 kB
VmFlags: rd ex mr mp me sd 
7f467a928000-7f467ab27000 ---p 00e42000 fd:00 75434334                   /opt/cadence/XCELIUM2009/tools.lnx86/rnc/lib/64bit/gnu/6.3/librnc.so
Size:               2044 kB
Rss:                   0 kB
Pss:                   0 kB
Shared_Clean:          0 kB
Shared_Dirty:          0 kB
Private_Clean:         0 kB
Private_Dirty:         0 kB
Referenced:            0 kB
Anonymous:             0 kB
AnonHugePages:         0 kB
Swap:                  0 kB
KernelPageSize:        4 kB
MMUPageSize:           4 kB
Locked:                0 kB
VmFlags: mr mp me sd 
7f467ab27000-7f467abb6000 r-xp 00e41000 fd:00 75434334                   /opt/cadence/XCELIUM2009/tools.lnx86/rnc/lib/64bit/gnu/6.3/librnc.so
Size:                572 kB
Rss:                 572 kB
Pss:                 572 kB
Shared_Clean:          0 kB
Shared_Dirty:          0 kB
Private_Clean:         0 kB
Private_Dirty:       572 kB
Referenced:          572 kB
Anonymous:           572 kB
AnonHugePages:         0 kB
Swap:                  0 kB
KernelPageSize:        4 kB
MMUPageSize:           4 kB
Locked:                0 kB
VmFlags: rd ex mr mp me ac sd 
7f467abb6000-7f467abc5000 rwxp 00ed0000 fd:00 75434334                   /opt/cadence/XCELIUM2009/tools.lnx86/rnc/lib/64bit/gnu/6.3/librnc.so
Size:                 60 kB
Rss:                  60 kB
Pss:                  60 kB
Shared_Clean:          0 kB
Shared_Dirty:          0 kB
Private_Clean:         0 kB
Private_Dirty:        60 kB
Referenced:           60 kB
Anonymous:            60 kB
AnonHugePages:         0 kB
Swap:                  0 kB
KernelPageSize:        4 kB
MMUPageSize:           4 kB
Locked:                0 kB
VmFlags: rd wr ex mr mp me ac sd 
7f467abc5000-7f467add9000 rwxp 00000000 00:00 0 
Size:               2128 kB
Rss:                2128 kB
Pss:                2128 kB
Shared_Clean:          0 kB
Shared_Dirty:          0 kB
Private_Clean:         0 kB
Private_Dirty:      2128 kB
Referenced:         2128 kB
Anonymous:          2128 kB
AnonHugePages:         0 kB
Swap:                  0 kB
KernelPageSize:        4 kB
MMUPageSize:           4 kB
Locked:                0 kB
VmFlags: rd wr ex mr mp me ac sd 
7f467add9000-7f467adfa000 r-xp 00000000 fd:00 137259162                  /opt/cadence/XCELIUM2009/tools.lnx86/methodology/UVM/CDNS-1.1d/ml/lib/64bit/libml_uvm.so
Size:                132 kB
Rss:                  20 kB
Pss:                  20 kB
Shared_Clean:          0 kB
Shared_Dirty:          0 kB
Private_Clean:        20 kB
Private_Dirty:         0 kB
Referenced:           20 kB
Anonymous:             0 kB
AnonHugePages:         0 kB
Swap:                  0 kB
KernelPageSize:        4 kB
MMUPageSize:           4 kB
Locked:                0 kB
VmFlags: rd ex mr mp me sd 
7f467adfa000-7f467aff9000 ---p 00021000 fd:00 137259162                  /opt/cadence/XCELIUM2009/tools.lnx86/methodology/UVM/CDNS-1.1d/ml/lib/64bit/libml_uvm.so
Size:               2044 kB
Rss:                   0 kB
Pss:                   0 kB
Shared_Clean:          0 kB
Shared_Dirty:          0 kB
Private_Clean:         0 kB
Private_Dirty:         0 kB
Referenced:            0 kB
Anonymous:             0 kB
AnonHugePages:         0 kB
Swap:                  0 kB
KernelPageSize:        4 kB
MMUPageSize:           4 kB
Locked:                0 kB
VmFlags: mr mp me sd 
7f467aff9000-7f467affa000 r-xp 00020000 fd:00 137259162                  /opt/cadence/XCELIUM2009/tools.lnx86/methodology/UVM/CDNS-1.1d/ml/lib/64bit/libml_uvm.so
Size:                  4 kB
Rss:                   4 kB
Pss:                   4 kB
Shared_Clean:          0 kB
Shared_Dirty:          0 kB
Private_Clean:         0 kB
Private_Dirty:         4 kB
Referenced:            4 kB
Anonymous:             4 kB
AnonHugePages:         0 kB
Swap:                  0 kB
KernelPageSize:        4 kB
MMUPageSize:           4 kB
Locked:                0 kB
VmFlags: rd ex mr mp me ac sd 
7f467affa000-7f467affb000 rwxp 00021000 fd:00 137259162                  /opt/cadence/XCELIUM2009/tools.lnx86/methodology/UVM/CDNS-1.1d/ml/lib/64bit/libml_uvm.so
Size:                  4 kB
Rss:                   4 kB
Pss:                   4 kB
Shared_Clean:          0 kB
Shared_Dirty:          0 kB
Private_Clean:         0 kB
Private_Dirty:         4 kB
Referenced:            4 kB
Anonymous:             4 kB
AnonHugePages:         0 kB
Swap:                  0 kB
KernelPageSize:        4 kB
MMUPageSize:           4 kB
Locked:                0 kB
VmFlags: rd wr ex mr mp me ac sd 
7f467affb000-7f467affd000 ---p 00000000 00:00 0 
Size:                  8 kB
Rss:                   0 kB
Pss:                   0 kB
Shared_Clean:          0 kB
Shared_Dirty:          0 kB
Private_Clean:         0 kB
Private_Dirty:         0 kB
Referenced:            0 kB
Anonymous:             0 kB
AnonHugePages:         0 kB
Swap:                  0 kB
KernelPageSize:        4 kB
MMUPageSize:           4 kB
Locked:                0 kB
VmFlags: mr mp me nr sd 
7f467affd000-7f467b7fd000 rwxp 00000000 00:00 0 
Size:               8192 kB
Rss:                  32 kB
Pss:                  32 kB
Shared_Clean:          0 kB
Shared_Dirty:          0 kB
Private_Clean:         0 kB
Private_Dirty:        32 kB
Referenced:           32 kB
Anonymous:            32 kB
AnonHugePages:         0 kB
Swap:                  0 kB
KernelPageSize:        4 kB
MMUPageSize:           4 kB
Locked:                0 kB
VmFlags: rd wr ex mr mp me nr sd 
7f467b7fd000-7f467b7ff000 ---p 00000000 00:00 0 
Size:                  8 kB
Rss:                   0 kB
Pss:                   0 kB
Shared_Clean:          0 kB
Shared_Dirty:          0 kB
Private_Clean:         0 kB
Private_Dirty:         0 kB
Referenced:            0 kB
Anonymous:             0 kB
AnonHugePages:         0 kB
Swap:                  0 kB
KernelPageSize:        4 kB
MMUPageSize:           4 kB
Locked:                0 kB
VmFlags: mr mp me nr sd 
7f467b7ff000-7f467b800000 ---p 00000000 00:00 0 
Size:                  4 kB
Rss:                   0 kB
Pss:                   0 kB
Shared_Clean:          0 kB
Shared_Dirty:          0 kB
Private_Clean:         0 kB
Private_Dirty:         0 kB
Referenced:            0 kB
Anonymous:             0 kB
AnonHugePages:         0 kB
Swap:                  0 kB
KernelPageSize:        4 kB
MMUPageSize:           4 kB
Locked:                0 kB
VmFlags: mr mp me ac sd 
7f467b800000-7f467c000000 rwxp 00000000 00:00 0 
Size:               8192 kB
Rss:                  20 kB
Pss:                  20 kB
Shared_Clean:          0 kB
Shared_Dirty:          0 kB
Private_Clean:         0 kB
Private_Dirty:        20 kB
Referenced:           20 kB
Anonymous:            20 kB
AnonHugePages:         0 kB
Swap:                  0 kB
KernelPageSize:        4 kB
MMUPageSize:           4 kB
Locked:                0 kB
VmFlags: rd wr ex mr mp me ac sd 
7f467c000000-7f467c4be000 rwxp 00000000 00:00 0 
Size:               4856 kB
Rss:                3572 kB
Pss:                3572 kB
Shared_Clean:          0 kB
Shared_Dirty:          0 kB
Private_Clean:         0 kB
Private_Dirty:      3572 kB
Referenced:         3572 kB
Anonymous:          3572 kB
AnonHugePages:         0 kB
Swap:                  0 kB
KernelPageSize:        4 kB
MMUPageSize:           4 kB
Locked:                0 kB
VmFlags: rd wr ex mr mp me nr sd 
7f467c4be000-7f4680000000 ---p 00000000 00:00 0 
Size:              60680 kB
Rss:                   0 kB
Pss:                   0 kB
Shared_Clean:          0 kB
Shared_Dirty:          0 kB
Private_Clean:         0 kB
Private_Dirty:         0 kB
Referenced:            0 kB
Anonymous:             0 kB
AnonHugePages:         0 kB
Swap:                  0 kB
KernelPageSize:        4 kB
MMUPageSize:           4 kB
Locked:                0 kB
VmFlags: mr mp me nr sd 
7f468006a000-7f468008a000 r-xp 00000000 fd:00 10166                      /usr/lib64/libnssdbm3.so
Size:                128 kB
Rss:                  64 kB
Pss:                  64 kB
Shared_Clean:          0 kB
Shared_Dirty:          0 kB
Private_Clean:        64 kB
Private_Dirty:         0 kB
Referenced:           64 kB
Anonymous:             0 kB
AnonHugePages:         0 kB
Swap:                  0 kB
KernelPageSize:        4 kB
MMUPageSize:           4 kB
Locked:                0 kB
VmFlags: rd ex mr mp me sd 
7f468008a000-7f4680289000 ---p 00020000 fd:00 10166                      /usr/lib64/libnssdbm3.so
Size:               2044 kB
Rss:                   0 kB
Pss:                   0 kB
Shared_Clean:          0 kB
Shared_Dirty:          0 kB
Private_Clean:         0 kB
Private_Dirty:         0 kB
Referenced:            0 kB
Anonymous:             0 kB
AnonHugePages:         0 kB
Swap:                  0 kB
KernelPageSize:        4 kB
MMUPageSize:           4 kB
Locked:                0 kB
VmFlags: mr mp me sd 
7f4680289000-7f468028a000 r-xp 0001f000 fd:00 10166                      /usr/lib64/libnssdbm3.so
Size:                  4 kB
Rss:                   4 kB
Pss:                   4 kB
Shared_Clean:          0 kB
Shared_Dirty:          0 kB
Private_Clean:         0 kB
Private_Dirty:         4 kB
Referenced:            4 kB
Anonymous:             4 kB
AnonHugePages:         0 kB
Swap:                  0 kB
KernelPageSize:        4 kB
MMUPageSize:           4 kB
Locked:                0 kB
VmFlags: rd ex mr mp me ac sd 
7f468028a000-7f468028b000 rwxp 00020000 fd:00 10166                      /usr/lib64/libnssdbm3.so
Size:                  4 kB
Rss:                   4 kB
Pss:                   4 kB
Shared_Clean:          0 kB
Shared_Dirty:          0 kB
Private_Clean:         0 kB
Private_Dirty:         4 kB
Referenced:            4 kB
Anonymous:             4 kB
AnonHugePages:         0 kB
Swap:                  0 kB
KernelPageSize:        4 kB
MMUPageSize:           4 kB
Locked:                0 kB
VmFlags: rd wr ex mr mp me ac sd 
7f468028b000-7f4680337000 r-xp 00000000 fd:00 9675                       /usr/lib64/libfreeblpriv3.so
Size:                688 kB
Rss:                 344 kB
Pss:                 344 kB
Shared_Clean:          0 kB
Shared_Dirty:          0 kB
Private_Clean:       344 kB
Private_Dirty:         0 kB
Referenced:          344 kB
Anonymous:             0 kB
AnonHugePages:         0 kB
Swap:                  0 kB
KernelPageSize:        4 kB
MMUPageSize:           4 kB
Locked:                0 kB
VmFlags: rd ex mr mp me sd 
7f4680337000-7f4680536000 ---p 000ac000 fd:00 9675                       /usr/lib64/libfreeblpriv3.so
Size:               2044 kB
Rss:                   0 kB
Pss:                   0 kB
Shared_Clean:          0 kB
Shared_Dirty:          0 kB
Private_Clean:         0 kB
Private_Dirty:         0 kB
Referenced:            0 kB
Anonymous:             0 kB
AnonHugePages:         0 kB
Swap:                  0 kB
KernelPageSize:        4 kB
MMUPageSize:           4 kB
Locked:                0 kB
VmFlags: mr mp me sd 
7f4680536000-7f4680538000 r-xp 000ab000 fd:00 9675                       /usr/lib64/libfreeblpriv3.so
Size:                  8 kB
Rss:                   8 kB
Pss:                   8 kB
Shared_Clean:          0 kB
Shared_Dirty:          0 kB
Private_Clean:         0 kB
Private_Dirty:         8 kB
Referenced:            8 kB
Anonymous:             8 kB
AnonHugePages:         0 kB
Swap:                  0 kB
KernelPageSize:        4 kB
MMUPageSize:           4 kB
Locked:                0 kB
VmFlags: rd ex mr mp me ac sd 
7f4680538000-7f4680539000 rwxp 000ad000 fd:00 9675                       /usr/lib64/libfreeblpriv3.so
Size:                  4 kB
Rss:                   4 kB
Pss:                   4 kB
Shared_Clean:          0 kB
Shared_Dirty:          0 kB
Private_Clean:         0 kB
Private_Dirty:         4 kB
Referenced:            4 kB
Anonymous:             4 kB
AnonHugePages:         0 kB
Swap:                  0 kB
KernelPageSize:        4 kB
MMUPageSize:           4 kB
Locked:                0 kB
VmFlags: rd wr ex mr mp me ac sd 
7f4680539000-7f468053d000 rwxp 00000000 00:00 0 
Size:                 16 kB
Rss:                  16 kB
Pss:                  16 kB
Shared_Clean:          0 kB
Shared_Dirty:          0 kB
Private_Clean:         0 kB
Private_Dirty:        16 kB
Referenced:           16 kB
Anonymous:            16 kB
AnonHugePages:         0 kB
Swap:                  0 kB
KernelPageSize:        4 kB
MMUPageSize:           4 kB
Locked:                0 kB
VmFlags: rd wr ex mr mp me ac sd 
7f468053d000-7f46805ee000 r-xp 00000000 fd:00 10156                      /usr/lib64/libsqlite3.so.0.8.6
Size:                708 kB
Rss:                  44 kB
Pss:                  44 kB
Shared_Clean:          0 kB
Shared_Dirty:          0 kB
Private_Clean:        44 kB
Private_Dirty:         0 kB
Referenced:           44 kB
Anonymous:             0 kB
AnonHugePages:         0 kB
Swap:                  0 kB
KernelPageSize:        4 kB
MMUPageSize:           4 kB
Locked:                0 kB
VmFlags: rd ex mr mp me sd 
7f46805ee000-7f46807ed000 ---p 000b1000 fd:00 10156                      /usr/lib64/libsqlite3.so.0.8.6
Size:               2044 kB
Rss:                   0 kB
Pss:                   0 kB
Shared_Clean:          0 kB
Shared_Dirty:          0 kB
Private_Clean:         0 kB
Private_Dirty:         0 kB
Referenced:            0 kB
Anonymous:             0 kB
AnonHugePages:         0 kB
Swap:                  0 kB
KernelPageSize:        4 kB
MMUPageSize:           4 kB
Locked:                0 kB
VmFlags: mr mp me sd 
7f46807ed000-7f46807ef000 r-xp 000b0000 fd:00 10156                      /usr/lib64/libsqlite3.so.0.8.6
Size:                  8 kB
Rss:                   8 kB
Pss:                   8 kB
Shared_Clean:          0 kB
Shared_Dirty:          0 kB
Private_Clean:         0 kB
Private_Dirty:         8 kB
Referenced:            8 kB
Anonymous:             8 kB
AnonHugePages:         0 kB
Swap:                  0 kB
KernelPageSize:        4 kB
MMUPageSize:           4 kB
Locked:                0 kB
VmFlags: rd ex mr mp me ac sd 
7f46807ef000-7f46807f2000 rwxp 000b2000 fd:00 10156                      /usr/lib64/libsqlite3.so.0.8.6
Size:                 12 kB
Rss:                  12 kB
Pss:                  12 kB
Shared_Clean:          0 kB
Shared_Dirty:          0 kB
Private_Clean:         0 kB
Private_Dirty:        12 kB
Referenced:           12 kB
Anonymous:            12 kB
AnonHugePages:         0 kB
Swap:                  0 kB
KernelPageSize:        4 kB
MMUPageSize:           4 kB
Locked:                0 kB
VmFlags: rd wr ex mr mp me ac sd 
7f46807f2000-7f4680841000 r-xp 00000000 fd:00 10171                      /usr/lib64/libsoftokn3.so
Size:                316 kB
Rss:                 156 kB
Pss:                 156 kB
Shared_Clean:          0 kB
Shared_Dirty:          0 kB
Private_Clean:       156 kB
Private_Dirty:         0 kB
Referenced:          156 kB
Anonymous:             0 kB
AnonHugePages:         0 kB
Swap:                  0 kB
KernelPageSize:        4 kB
MMUPageSize:           4 kB
Locked:                0 kB
VmFlags: rd ex mr mp me sd 
7f4680841000-7f4680a41000 ---p 0004f000 fd:00 10171                      /usr/lib64/libsoftokn3.so
Size:               2048 kB
Rss:                   0 kB
Pss:                   0 kB
Shared_Clean:          0 kB
Shared_Dirty:          0 kB
Private_Clean:         0 kB
Private_Dirty:         0 kB
Referenced:            0 kB
Anonymous:             0 kB
AnonHugePages:         0 kB
Swap:                  0 kB
KernelPageSize:        4 kB
MMUPageSize:           4 kB
Locked:                0 kB
VmFlags: mr mp me sd 
7f4680a41000-7f4680a42000 r-xp 0004f000 fd:00 10171                      /usr/lib64/libsoftokn3.so
Size:                  4 kB
Rss:                   4 kB
Pss:                   4 kB
Shared_Clean:          0 kB
Shared_Dirty:          0 kB
Private_Clean:         0 kB
Private_Dirty:         4 kB
Referenced:            4 kB
Anonymous:             4 kB
AnonHugePages:         0 kB
Swap:                  0 kB
KernelPageSize:        4 kB
MMUPageSize:           4 kB
Locked:                0 kB
VmFlags: rd ex mr mp me ac sd 
7f4680a42000-7f4680a45000 rwxp 00050000 fd:00 10171                      /usr/lib64/libsoftokn3.so
Size:                 12 kB
Rss:                  12 kB
Pss:                  12 kB
Shared_Clean:          0 kB
Shared_Dirty:          0 kB
Private_Clean:         0 kB
Private_Dirty:        12 kB
Referenced:           12 kB
Anonymous:            12 kB
AnonHugePages:         0 kB
Swap:                  0 kB
KernelPageSize:        4 kB
MMUPageSize:           4 kB
Locked:                0 kB
VmFlags: rd wr ex mr mp me ac sd 
7f4680a45000-7f4680a46000 rwxp 00000000 00:00 0 
Size:                  4 kB
Rss:                   4 kB
Pss:                   4 kB
Shared_Clean:          0 kB
Shared_Dirty:          0 kB
Private_Clean:         0 kB
Private_Dirty:         4 kB
Referenced:            4 kB
Anonymous:             4 kB
AnonHugePages:         0 kB
Swap:                  0 kB
KernelPageSize:        4 kB
MMUPageSize:           4 kB
Locked:                0 kB
VmFlags: rd wr ex mr mp me ac sd 
7f4680a46000-7f4680a80000 r-xp 00000000 fd:00 347178                     /usr/lib64/libnspr4.so
Size:                232 kB
Rss:                 148 kB
Pss:                 148 kB
Shared_Clean:          0 kB
Shared_Dirty:          0 kB
Private_Clean:       148 kB
Private_Dirty:         0 kB
Referenced:          148 kB
Anonymous:             0 kB
AnonHugePages:         0 kB
Swap:                  0 kB
KernelPageSize:        4 kB
MMUPageSize:           4 kB
Locked:                0 kB
VmFlags: rd ex mr mp me sd 
7f4680a80000-7f4680c80000 ---p 0003a000 fd:00 347178                     /usr/lib64/libnspr4.so
Size:               2048 kB
Rss:                   0 kB
Pss:                   0 kB
Shared_Clean:          0 kB
Shared_Dirty:          0 kB
Private_Clean:         0 kB
Private_Dirty:         0 kB
Referenced:            0 kB
Anonymous:             0 kB
AnonHugePages:         0 kB
Swap:                  0 kB
KernelPageSize:        4 kB
MMUPageSize:           4 kB
Locked:                0 kB
VmFlags: mr mp me sd 
7f4680c80000-7f4680c81000 r-xp 0003a000 fd:00 347178                     /usr/lib64/libnspr4.so
Size:                  4 kB
Rss:                   4 kB
Pss:                   4 kB
Shared_Clean:          0 kB
Shared_Dirty:          0 kB
Private_Clean:         0 kB
Private_Dirty:         4 kB
Referenced:            4 kB
Anonymous:             4 kB
AnonHugePages:         0 kB
Swap:                  0 kB
KernelPageSize:        4 kB
MMUPageSize:           4 kB
Locked:                0 kB
VmFlags: rd ex mr mp me ac sd 
7f4680c81000-7f4680c83000 rwxp 0003b000 fd:00 347178                     /usr/lib64/libnspr4.so
Size:                  8 kB
Rss:                   8 kB
Pss:                   8 kB
Shared_Clean:          0 kB
Shared_Dirty:          0 kB
Private_Clean:         0 kB
Private_Dirty:         8 kB
Referenced:            8 kB
Anonymous:             8 kB
AnonHugePages:         0 kB
Swap:                  0 kB
KernelPageSize:        4 kB
MMUPageSize:           4 kB
Locked:                0 kB
VmFlags: rd wr ex mr mp me ac sd 
7f4680c83000-7f4680c85000 rwxp 00000000 00:00 0 
Size:                  8 kB
Rss:                   4 kB
Pss:                   4 kB
Shared_Clean:          0 kB
Shared_Dirty:          0 kB
Private_Clean:         0 kB
Private_Dirty:         4 kB
Referenced:            4 kB
Anonymous:             4 kB
AnonHugePages:         0 kB
Swap:                  0 kB
KernelPageSize:        4 kB
MMUPageSize:           4 kB
Locked:                0 kB
VmFlags: rd wr ex mr mp me ac sd 
7f4680c85000-7f4680c88000 r-xp 00000000 fd:00 347187                     /usr/lib64/libplds4.so
Size:                 12 kB
Rss:                   8 kB
Pss:                   8 kB
Shared_Clean:          0 kB
Shared_Dirty:          0 kB
Private_Clean:         8 kB
Private_Dirty:         0 kB
Referenced:            8 kB
Anonymous:             0 kB
AnonHugePages:         0 kB
Swap:                  0 kB
KernelPageSize:        4 kB
MMUPageSize:           4 kB
Locked:                0 kB
VmFlags: rd ex mr mp me sd 
7f4680c88000-7f4680e87000 ---p 00003000 fd:00 347187                     /usr/lib64/libplds4.so
Size:               2044 kB
Rss:                   0 kB
Pss:                   0 kB
Shared_Clean:          0 kB
Shared_Dirty:          0 kB
Private_Clean:         0 kB
Private_Dirty:         0 kB
Referenced:            0 kB
Anonymous:             0 kB
AnonHugePages:         0 kB
Swap:                  0 kB
KernelPageSize:        4 kB
MMUPageSize:           4 kB
Locked:                0 kB
VmFlags: mr mp me sd 
7f4680e87000-7f4680e88000 r-xp 00002000 fd:00 347187                     /usr/lib64/libplds4.so
Size:                  4 kB
Rss:                   4 kB
Pss:                   4 kB
Shared_Clean:          0 kB
Shared_Dirty:          0 kB
Private_Clean:         0 kB
Private_Dirty:         4 kB
Referenced:            4 kB
Anonymous:             4 kB
AnonHugePages:         0 kB
Swap:                  0 kB
KernelPageSize:        4 kB
MMUPageSize:           4 kB
Locked:                0 kB
VmFlags: rd ex mr mp me ac sd 
7f4680e88000-7f4680e89000 rwxp 00003000 fd:00 347187                     /usr/lib64/libplds4.so
Size:                  4 kB
Rss:                   4 kB
Pss:                   4 kB
Shared_Clean:          0 kB
Shared_Dirty:          0 kB
Private_Clean:         0 kB
Private_Dirty:         4 kB
Referenced:            4 kB
Anonymous:             4 kB
AnonHugePages:         0 kB
Swap:                  0 kB
KernelPageSize:        4 kB
MMUPageSize:           4 kB
Locked:                0 kB
VmFlags: rd wr ex mr mp me ac sd 
7f4680e89000-7f4680e8d000 r-xp 00000000 fd:00 347186                     /usr/lib64/libplc4.so
Size:                 16 kB
Rss:                  12 kB
Pss:                  12 kB
Shared_Clean:          0 kB
Shared_Dirty:          0 kB
Private_Clean:        12 kB
Private_Dirty:         0 kB
Referenced:           12 kB
Anonymous:             0 kB
AnonHugePages:         0 kB
Swap:                  0 kB
KernelPageSize:        4 kB
MMUPageSize:           4 kB
Locked:                0 kB
VmFlags: rd ex mr mp me sd 
7f4680e8d000-7f468108c000 ---p 00004000 fd:00 347186                     /usr/lib64/libplc4.so
Size:               2044 kB
Rss:                   0 kB
Pss:                   0 kB
Shared_Clean:          0 kB
Shared_Dirty:          0 kB
Private_Clean:         0 kB
Private_Dirty:         0 kB
Referenced:            0 kB
Anonymous:             0 kB
AnonHugePages:         0 kB
Swap:                  0 kB
KernelPageSize:        4 kB
MMUPageSize:           4 kB
Locked:                0 kB
VmFlags: mr mp me sd 
7f468108c000-7f468108d000 r-xp 00003000 fd:00 347186                     /usr/lib64/libplc4.so
Size:                  4 kB
Rss:                   4 kB
Pss:                   4 kB
Shared_Clean:          0 kB
Shared_Dirty:          0 kB
Private_Clean:         0 kB
Private_Dirty:         4 kB
Referenced:            4 kB
Anonymous:             4 kB
AnonHugePages:         0 kB
Swap:                  0 kB
KernelPageSize:        4 kB
MMUPageSize:           4 kB
Locked:                0 kB
VmFlags: rd ex mr mp me ac sd 
7f468108d000-7f468108e000 rwxp 00004000 fd:00 347186                     /usr/lib64/libplc4.so
Size:                  4 kB
Rss:                   4 kB
Pss:                   4 kB
Shared_Clean:          0 kB
Shared_Dirty:          0 kB
Private_Clean:         0 kB
Private_Dirty:         4 kB
Referenced:            4 kB
Anonymous:             4 kB
AnonHugePages:         0 kB
Swap:                  0 kB
KernelPageSize:        4 kB
MMUPageSize:           4 kB
Locked:                0 kB
VmFlags: rd wr ex mr mp me ac sd 
7f468108e000-7f46810b7000 r-xp 00000000 fd:00 347190                     /usr/lib64/libnssutil3.so
Size:                164 kB
Rss:                 120 kB
Pss:                 120 kB
Shared_Clean:          0 kB
Shared_Dirty:          0 kB
Private_Clean:       120 kB
Private_Dirty:         0 kB
Referenced:          120 kB
Anonymous:             0 kB
AnonHugePages:         0 kB
Swap:                  0 kB
KernelPageSize:        4 kB
MMUPageSize:           4 kB
Locked:                0 kB
VmFlags: rd ex mr mp me sd 
7f46810b7000-7f46812b7000 ---p 00029000 fd:00 347190                     /usr/lib64/libnssutil3.so
Size:               2048 kB
Rss:                   0 kB
Pss:                   0 kB
Shared_Clean:          0 kB
Shared_Dirty:          0 kB
Private_Clean:         0 kB
Private_Dirty:         0 kB
Referenced:            0 kB
Anonymous:             0 kB
AnonHugePages:         0 kB
Swap:                  0 kB
KernelPageSize:        4 kB
MMUPageSize:           4 kB
Locked:                0 kB
VmFlags: mr mp me sd 
7f46812b7000-7f46812be000 r-xp 00029000 fd:00 347190                     /usr/lib64/libnssutil3.so
Size:                 28 kB
Rss:                  28 kB
Pss:                  28 kB
Shared_Clean:          0 kB
Shared_Dirty:          0 kB
Private_Clean:         0 kB
Private_Dirty:        28 kB
Referenced:           28 kB
Anonymous:            28 kB
AnonHugePages:         0 kB
Swap:                  0 kB
KernelPageSize:        4 kB
MMUPageSize:           4 kB
Locked:                0 kB
VmFlags: rd ex mr mp me ac sd 
7f46812be000-7f46812bf000 rwxp 00030000 fd:00 347190                     /usr/lib64/libnssutil3.so
Size:                  4 kB
Rss:                   4 kB
Pss:                   4 kB
Shared_Clean:          0 kB
Shared_Dirty:          0 kB
Private_Clean:         0 kB
Private_Dirty:         4 kB
Referenced:            4 kB
Anonymous:             4 kB
AnonHugePages:         0 kB
Swap:                  0 kB
KernelPageSize:        4 kB
MMUPageSize:           4 kB
Locked:                0 kB
VmFlags: rd wr ex mr mp me ac sd 
7f46812bf000-7f46813f0000 r-xp 00000000 fd:00 2459807                    /usr/lib64/libnss3.so
Size:               1220 kB
Rss:                 208 kB
Pss:                 208 kB
Shared_Clean:          0 kB
Shared_Dirty:          0 kB
Private_Clean:       208 kB
Private_Dirty:         0 kB
Referenced:          208 kB
Anonymous:             0 kB
AnonHugePages:         0 kB
Swap:                  0 kB
KernelPageSize:        4 kB
MMUPageSize:           4 kB
Locked:                0 kB
VmFlags: rd ex mr mp me sd 
7f46813f0000-7f46815f0000 ---p 00131000 fd:00 2459807                    /usr/lib64/libnss3.so
Size:               2048 kB
Rss:                   0 kB
Pss:                   0 kB
Shared_Clean:          0 kB
Shared_Dirty:          0 kB
Private_Clean:         0 kB
Private_Dirty:         0 kB
Referenced:            0 kB
Anonymous:             0 kB
AnonHugePages:         0 kB
Swap:                  0 kB
KernelPageSize:        4 kB
MMUPageSize:           4 kB
Locked:                0 kB
VmFlags: mr mp me sd 
7f46815f0000-7f46815f5000 r-xp 00131000 fd:00 2459807                    /usr/lib64/libnss3.so
Size:                 20 kB
Rss:                  20 kB
Pss:                  20 kB
Shared_Clean:          0 kB
Shared_Dirty:          0 kB
Private_Clean:         0 kB
Private_Dirty:        20 kB
Referenced:           20 kB
Anonymous:            20 kB
AnonHugePages:         0 kB
Swap:                  0 kB
KernelPageSize:        4 kB
MMUPageSize:           4 kB
Locked:                0 kB
VmFlags: rd ex mr mp me ac sd 
7f46815f5000-7f46815f8000 rwxp 00136000 fd:00 2459807                    /usr/lib64/libnss3.so
Size:                 12 kB
Rss:                  12 kB
Pss:                  12 kB
Shared_Clean:          0 kB
Shared_Dirty:          0 kB
Private_Clean:         0 kB
Private_Dirty:        12 kB
Referenced:           12 kB
Anonymous:            12 kB
AnonHugePages:         0 kB
Swap:                  0 kB
KernelPageSize:        4 kB
MMUPageSize:           4 kB
Locked:                0 kB
VmFlags: rd wr ex mr mp me ac sd 
7f46815f8000-7f46815f9000 rwxp 00000000 00:00 0 
Size:                  4 kB
Rss:                   0 kB
Pss:                   0 kB
Shared_Clean:          0 kB
Shared_Dirty:          0 kB
Private_Clean:         0 kB
Private_Dirty:         0 kB
Referenced:            0 kB
Anonymous:             0 kB
AnonHugePages:         0 kB
Swap:                  0 kB
KernelPageSize:        4 kB
MMUPageSize:           4 kB
Locked:                0 kB
VmFlags: rd wr ex mr mp me ac sd 
7f46815f9000-7f46815fa000 ---p 00000000 00:00 0 
Size:                  4 kB
Rss:                   0 kB
Pss:                   0 kB
Shared_Clean:          0 kB
Shared_Dirty:          0 kB
Private_Clean:         0 kB
Private_Dirty:         0 kB
Referenced:            0 kB
Anonymous:             0 kB
AnonHugePages:         0 kB
Swap:                  0 kB
KernelPageSize:        4 kB
MMUPageSize:           4 kB
Locked:                0 kB
VmFlags: mr mp me ac sd 
7f46815fa000-7f4681dfa000 rwxp 00000000 00:00 0 
Size:               8192 kB
Rss:                  48 kB
Pss:                  48 kB
Shared_Clean:          0 kB
Shared_Dirty:          0 kB
Private_Clean:         0 kB
Private_Dirty:        48 kB
Referenced:           48 kB
Anonymous:            48 kB
AnonHugePages:         0 kB
Swap:                  0 kB
KernelPageSize:        4 kB
MMUPageSize:           4 kB
Locked:                0 kB
VmFlags: rd wr ex mr mp me ac sd 
7f4681dfa000-7f4681e09000 r-xp 00000000 fd:00 10067                      /usr/lib64/libbz2.so.1.0.6
Size:                 60 kB
Rss:                   8 kB
Pss:                   4 kB
Shared_Clean:          8 kB
Shared_Dirty:          0 kB
Private_Clean:         0 kB
Private_Dirty:         0 kB
Referenced:            8 kB
Anonymous:             0 kB
AnonHugePages:         0 kB
Swap:                  0 kB
KernelPageSize:        4 kB
MMUPageSize:           4 kB
Locked:                0 kB
VmFlags: rd ex mr mp me sd 
7f4681e09000-7f4682008000 ---p 0000f000 fd:00 10067                      /usr/lib64/libbz2.so.1.0.6
Size:               2044 kB
Rss:                   0 kB
Pss:                   0 kB
Shared_Clean:          0 kB
Shared_Dirty:          0 kB
Private_Clean:         0 kB
Private_Dirty:         0 kB
Referenced:            0 kB
Anonymous:             0 kB
AnonHugePages:         0 kB
Swap:                  0 kB
KernelPageSize:        4 kB
MMUPageSize:           4 kB
Locked:                0 kB
VmFlags: mr mp me sd 
7f4682008000-7f4682009000 r-xp 0000e000 fd:00 10067                      /usr/lib64/libbz2.so.1.0.6
Size:                  4 kB
Rss:                   4 kB
Pss:                   4 kB
Shared_Clean:          0 kB
Shared_Dirty:          0 kB
Private_Clean:         0 kB
Private_Dirty:         4 kB
Referenced:            4 kB
Anonymous:             4 kB
AnonHugePages:         0 kB
Swap:                  0 kB
KernelPageSize:        4 kB
MMUPageSize:           4 kB
Locked:                0 kB
VmFlags: rd ex mr mp me ac sd 
7f4682009000-7f468200a000 rwxp 0000f000 fd:00 10067                      /usr/lib64/libbz2.so.1.0.6
Size:                  4 kB
Rss:                   4 kB
Pss:                   4 kB
Shared_Clean:          0 kB
Shared_Dirty:          0 kB
Private_Clean:         0 kB
Private_Dirty:         4 kB
Referenced:            4 kB
Anonymous:             4 kB
AnonHugePages:         0 kB
Swap:                  0 kB
KernelPageSize:        4 kB
MMUPageSize:           4 kB
Locked:                0 kB
VmFlags: rd wr ex mr mp me ac sd 
7f468200a000-7f468202f000 r-xp 00000000 fd:00 10060                      /usr/lib64/liblzma.so.5.2.2
Size:                148 kB
Rss:                  16 kB
Pss:                   8 kB
Shared_Clean:         16 kB
Shared_Dirty:          0 kB
Private_Clean:         0 kB
Private_Dirty:         0 kB
Referenced:           16 kB
Anonymous:             0 kB
AnonHugePages:         0 kB
Swap:                  0 kB
KernelPageSize:        4 kB
MMUPageSize:           4 kB
Locked:                0 kB
VmFlags: rd ex mr mp me sd 
7f468202f000-7f468222e000 ---p 00025000 fd:00 10060                      /usr/lib64/liblzma.so.5.2.2
Size:               2044 kB
Rss:                   0 kB
Pss:                   0 kB
Shared_Clean:          0 kB
Shared_Dirty:          0 kB
Private_Clean:         0 kB
Private_Dirty:         0 kB
Referenced:            0 kB
Anonymous:             0 kB
AnonHugePages:         0 kB
Swap:                  0 kB
KernelPageSize:        4 kB
MMUPageSize:           4 kB
Locked:                0 kB
VmFlags: mr mp me sd 
7f468222e000-7f468222f000 r-xp 00024000 fd:00 10060                      /usr/lib64/liblzma.so.5.2.2
Size:                  4 kB
Rss:                   4 kB
Pss:                   4 kB
Shared_Clean:          0 kB
Shared_Dirty:          0 kB
Private_Clean:         0 kB
Private_Dirty:         4 kB
Referenced:            4 kB
Anonymous:             4 kB
AnonHugePages:         0 kB
Swap:                  0 kB
KernelPageSize:        4 kB
MMUPageSize:           4 kB
Locked:                0 kB
VmFlags: rd ex mr mp me ac sd 
7f468222f000-7f4682230000 rwxp 00025000 fd:00 10060                      /usr/lib64/liblzma.so.5.2.2
Size:                  4 kB
Rss:                   4 kB
Pss:                   4 kB
Shared_Clean:          0 kB
Shared_Dirty:          0 kB
Private_Clean:         0 kB
Private_Dirty:         4 kB
Referenced:            4 kB
Anonymous:             4 kB
AnonHugePages:         0 kB
Swap:                  0 kB
KernelPageSize:        4 kB
MMUPageSize:           4 kB
Locked:                0 kB
VmFlags: rd wr ex mr mp me ac sd 
7f4682230000-7f4682245000 r-xp 00000000 fd:00 536962                     /usr/lib64/libz.so.1.2.7
Size:                 84 kB
Rss:                  12 kB
Pss:                   3 kB
Shared_Clean:         12 kB
Shared_Dirty:          0 kB
Private_Clean:         0 kB
Private_Dirty:         0 kB
Referenced:           12 kB
Anonymous:             0 kB
AnonHugePages:         0 kB
Swap:                  0 kB
KernelPageSize:        4 kB
MMUPageSize:           4 kB
Locked:                0 kB
VmFlags: rd ex mr mp me sd 
7f4682245000-7f4682444000 ---p 00015000 fd:00 536962                     /usr/lib64/libz.so.1.2.7
Size:               2044 kB
Rss:                   0 kB
Pss:                   0 kB
Shared_Clean:          0 kB
Shared_Dirty:          0 kB
Private_Clean:         0 kB
Private_Dirty:         0 kB
Referenced:            0 kB
Anonymous:             0 kB
AnonHugePages:         0 kB
Swap:                  0 kB
KernelPageSize:        4 kB
MMUPageSize:           4 kB
Locked:                0 kB
VmFlags: mr mp me sd 
7f4682444000-7f4682445000 r-xp 00014000 fd:00 536962                     /usr/lib64/libz.so.1.2.7
Size:                  4 kB
Rss:                   4 kB
Pss:                   4 kB
Shared_Clean:          0 kB
Shared_Dirty:          0 kB
Private_Clean:         0 kB
Private_Dirty:         4 kB
Referenced:            4 kB
Anonymous:             4 kB
AnonHugePages:         0 kB
Swap:                  0 kB
KernelPageSize:        4 kB
MMUPageSize:           4 kB
Locked:                0 kB
VmFlags: rd ex mr mp me ac sd 
7f4682445000-7f4682446000 rwxp 00015000 fd:00 536962                     /usr/lib64/libz.so.1.2.7
Size:                  4 kB
Rss:                   4 kB
Pss:                   4 kB
Shared_Clean:          0 kB
Shared_Dirty:          0 kB
Private_Clean:         0 kB
Private_Dirty:         4 kB
Referenced:            4 kB
Anonymous:             4 kB
AnonHugePages:         0 kB
Swap:                  0 kB
KernelPageSize:        4 kB
MMUPageSize:           4 kB
Locked:                0 kB
VmFlags: rd wr ex mr mp me ac sd 
7f4682446000-7f468245d000 r-xp 00000000 fd:00 10099                      /usr/lib64/libelf-0.176.so
Size:                 92 kB
Rss:                  16 kB
Pss:                   8 kB
Shared_Clean:         16 kB
Shared_Dirty:          0 kB
Private_Clean:         0 kB
Private_Dirty:         0 kB
Referenced:           16 kB
Anonymous:             0 kB
AnonHugePages:         0 kB
Swap:                  0 kB
KernelPageSize:        4 kB
MMUPageSize:           4 kB
Locked:                0 kB
VmFlags: rd ex mr mp me sd 
7f468245d000-7f468265c000 ---p 00017000 fd:00 10099                      /usr/lib64/libelf-0.176.so
Size:               2044 kB
Rss:                   0 kB
Pss:                   0 kB
Shared_Clean:          0 kB
Shared_Dirty:          0 kB
Private_Clean:         0 kB
Private_Dirty:         0 kB
Referenced:            0 kB
Anonymous:             0 kB
AnonHugePages:         0 kB
Swap:                  0 kB
KernelPageSize:        4 kB
MMUPageSize:           4 kB
Locked:                0 kB
VmFlags: mr mp me sd 
7f468265c000-7f468265d000 r-xp 00016000 fd:00 10099                      /usr/lib64/libelf-0.176.so
Size:                  4 kB
Rss:                   4 kB
Pss:                   4 kB
Shared_Clean:          0 kB
Shared_Dirty:          0 kB
Private_Clean:         0 kB
Private_Dirty:         4 kB
Referenced:            4 kB
Anonymous:             4 kB
AnonHugePages:         0 kB
Swap:                  0 kB
KernelPageSize:        4 kB
MMUPageSize:           4 kB
Locked:                0 kB
VmFlags: rd ex mr mp me ac sd 
7f468265d000-7f468265e000 rwxp 00017000 fd:00 10099                      /usr/lib64/libelf-0.176.so
Size:                  4 kB
Rss:                   4 kB
Pss:                   4 kB
Shared_Clean:          0 kB
Shared_Dirty:          0 kB
Private_Clean:         0 kB
Private_Dirty:         4 kB
Referenced:            4 kB
Anonymous:             4 kB
AnonHugePages:         0 kB
Swap:                  0 kB
KernelPageSize:        4 kB
MMUPageSize:           4 kB
Locked:                0 kB
VmFlags: rd wr ex mr mp me ac sd 
7f468265e000-7f4682662000 r-xp 00000000 fd:00 10109                      /usr/lib64/libattr.so.1.1.0
Size:                 16 kB
Rss:                   8 kB
Pss:                   4 kB
Shared_Clean:          8 kB
Shared_Dirty:          0 kB
Private_Clean:         0 kB
Private_Dirty:         0 kB
Referenced:            8 kB
Anonymous:             0 kB
AnonHugePages:         0 kB
Swap:                  0 kB
KernelPageSize:        4 kB
MMUPageSize:           4 kB
Locked:                0 kB
VmFlags: rd ex mr mp me sd 
7f4682662000-7f4682861000 ---p 00004000 fd:00 10109                      /usr/lib64/libattr.so.1.1.0
Size:               2044 kB
Rss:                   0 kB
Pss:                   0 kB
Shared_Clean:          0 kB
Shared_Dirty:          0 kB
Private_Clean:         0 kB
Private_Dirty:         0 kB
Referenced:            0 kB
Anonymous:             0 kB
AnonHugePages:         0 kB
Swap:                  0 kB
KernelPageSize:        4 kB
MMUPageSize:           4 kB
Locked:                0 kB
VmFlags: mr mp me sd 
7f4682861000-7f4682862000 r-xp 00003000 fd:00 10109                      /usr/lib64/libattr.so.1.1.0
Size:                  4 kB
Rss:                   4 kB
Pss:                   4 kB
Shared_Clean:          0 kB
Shared_Dirty:          0 kB
Private_Clean:         0 kB
Private_Dirty:         4 kB
Referenced:            4 kB
Anonymous:             4 kB
AnonHugePages:         0 kB
Swap:                  0 kB
KernelPageSize:        4 kB
MMUPageSize:           4 kB
Locked:                0 kB
VmFlags: rd ex mr mp me ac sd 
7f4682862000-7f4682863000 rwxp 00004000 fd:00 10109                      /usr/lib64/libattr.so.1.1.0
Size:                  4 kB
Rss:                   4 kB
Pss:                   4 kB
Shared_Clean:          0 kB
Shared_Dirty:          0 kB
Private_Clean:         0 kB
Private_Dirty:         4 kB
Referenced:            4 kB
Anonymous:             4 kB
AnonHugePages:         0 kB
Swap:                  0 kB
KernelPageSize:        4 kB
MMUPageSize:           4 kB
Locked:                0 kB
VmFlags: rd wr ex mr mp me ac sd 
7f4682863000-7f46828b1000 r-xp 00000000 fd:00 98063                      /usr/lib64/libdw-0.176.so
Size:                312 kB
Rss:                  48 kB
Pss:                  24 kB
Shared_Clean:         48 kB
Shared_Dirty:          0 kB
Private_Clean:         0 kB
Private_Dirty:         0 kB
Referenced:           48 kB
Anonymous:             0 kB
AnonHugePages:         0 kB
Swap:                  0 kB
KernelPageSize:        4 kB
MMUPageSize:           4 kB
Locked:                0 kB
VmFlags: rd ex mr mp me sd 
7f46828b1000-7f4682ab1000 ---p 0004e000 fd:00 98063                      /usr/lib64/libdw-0.176.so
Size:               2048 kB
Rss:                   0 kB
Pss:                   0 kB
Shared_Clean:          0 kB
Shared_Dirty:          0 kB
Private_Clean:         0 kB
Private_Dirty:         0 kB
Referenced:            0 kB
Anonymous:             0 kB
AnonHugePages:         0 kB
Swap:                  0 kB
KernelPageSize:        4 kB
MMUPageSize:           4 kB
Locked:                0 kB
VmFlags: mr mp me sd 
7f4682ab1000-7f4682ab3000 r-xp 0004e000 fd:00 98063                      /usr/lib64/libdw-0.176.so
Size:                  8 kB
Rss:                   8 kB
Pss:                   8 kB
Shared_Clean:          0 kB
Shared_Dirty:          0 kB
Private_Clean:         0 kB
Private_Dirty:         8 kB
Referenced:            8 kB
Anonymous:             8 kB
AnonHugePages:         0 kB
Swap:                  0 kB
KernelPageSize:        4 kB
MMUPageSize:           4 kB
Locked:                0 kB
VmFlags: rd ex mr mp me ac sd 
7f4682ab3000-7f4682ab4000 rwxp 00050000 fd:00 98063                      /usr/lib64/libdw-0.176.so
Size:                  4 kB
Rss:                   4 kB
Pss:                   4 kB
Shared_Clean:          0 kB
Shared_Dirty:          0 kB
Private_Clean:         0 kB
Private_Dirty:         4 kB
Referenced:            4 kB
Anonymous:             4 kB
AnonHugePages:         0 kB
Swap:                  0 kB
KernelPageSize:        4 kB
MMUPageSize:           4 kB
Locked:                0 kB
VmFlags: rd wr ex mr mp me ac sd 
7f4682ab4000-7f4682abb000 r-xp 00000000 fd:00 9985                       /usr/lib64/librt-2.17.so
Size:                 28 kB
Rss:                  16 kB
Pss:                   4 kB
Shared_Clean:         16 kB
Shared_Dirty:          0 kB
Private_Clean:         0 kB
Private_Dirty:         0 kB
Referenced:           16 kB
Anonymous:             0 kB
AnonHugePages:         0 kB
Swap:                  0 kB
KernelPageSize:        4 kB
MMUPageSize:           4 kB
Locked:                0 kB
VmFlags: rd ex mr mp me sd 
7f4682abb000-7f4682cba000 ---p 00007000 fd:00 9985                       /usr/lib64/librt-2.17.so
Size:               2044 kB
Rss:                   0 kB
Pss:                   0 kB
Shared_Clean:          0 kB
Shared_Dirty:          0 kB
Private_Clean:         0 kB
Private_Dirty:         0 kB
Referenced:            0 kB
Anonymous:             0 kB
AnonHugePages:         0 kB
Swap:                  0 kB
KernelPageSize:        4 kB
MMUPageSize:           4 kB
Locked:                0 kB
VmFlags: mr mp me sd 
7f4682cba000-7f4682cbb000 r-xp 00006000 fd:00 9985                       /usr/lib64/librt-2.17.so
Size:                  4 kB
Rss:                   4 kB
Pss:                   4 kB
Shared_Clean:          0 kB
Shared_Dirty:          0 kB
Private_Clean:         0 kB
Private_Dirty:         4 kB
Referenced:            4 kB
Anonymous:             4 kB
AnonHugePages:         0 kB
Swap:                  0 kB
KernelPageSize:        4 kB
MMUPageSize:           4 kB
Locked:                0 kB
VmFlags: rd ex mr mp me ac sd 
7f4682cbb000-7f4682cbc000 rwxp 00007000 fd:00 9985                       /usr/lib64/librt-2.17.so
Size:                  4 kB
Rss:                   4 kB
Pss:                   4 kB
Shared_Clean:          0 kB
Shared_Dirty:          0 kB
Private_Clean:         0 kB
Private_Dirty:         4 kB
Referenced:            4 kB
Anonymous:             4 kB
AnonHugePages:         0 kB
Swap:                  0 kB
KernelPageSize:        4 kB
MMUPageSize:           4 kB
Locked:                0 kB
VmFlags: rd wr ex mr mp me ac sd 
7f4682cbc000-7f4682cc0000 r-xp 00000000 fd:00 10111                      /usr/lib64/libcap.so.2.22
Size:                 16 kB
Rss:                   8 kB
Pss:                   4 kB
Shared_Clean:          8 kB
Shared_Dirty:          0 kB
Private_Clean:         0 kB
Private_Dirty:         0 kB
Referenced:            8 kB
Anonymous:             0 kB
AnonHugePages:         0 kB
Swap:                  0 kB
KernelPageSize:        4 kB
MMUPageSize:           4 kB
Locked:                0 kB
VmFlags: rd ex mr mp me sd 
7f4682cc0000-7f4682ebf000 ---p 00004000 fd:00 10111                      /usr/lib64/libcap.so.2.22
Size:               2044 kB
Rss:                   0 kB
Pss:                   0 kB
Shared_Clean:          0 kB
Shared_Dirty:          0 kB
Private_Clean:         0 kB
Private_Dirty:         0 kB
Referenced:            0 kB
Anonymous:             0 kB
AnonHugePages:         0 kB
Swap:                  0 kB
KernelPageSize:        4 kB
MMUPageSize:           4 kB
Locked:                0 kB
VmFlags: mr mp me sd 
7f4682ebf000-7f4682ec0000 r-xp 00003000 fd:00 10111                      /usr/lib64/libcap.so.2.22
Size:                  4 kB
Rss:                   4 kB
Pss:                   4 kB
Shared_Clean:          0 kB
Shared_Dirty:          0 kB
Private_Clean:         0 kB
Private_Dirty:         4 kB
Referenced:            4 kB
Anonymous:             4 kB
AnonHugePages:         0 kB
Swap:                  0 kB
KernelPageSize:        4 kB
MMUPageSize:           4 kB
Locked:                0 kB
VmFlags: rd ex mr mp me ac sd 
7f4682ec0000-7f4682ec1000 rwxp 00004000 fd:00 10111                      /usr/lib64/libcap.so.2.22
Size:                  4 kB
Rss:                   4 kB
Pss:                   4 kB
Shared_Clean:          0 kB
Shared_Dirty:          0 kB
Private_Clean:         0 kB
Private_Dirty:         4 kB
Referenced:            4 kB
Anonymous:             4 kB
AnonHugePages:         0 kB
Swap:                  0 kB
KernelPageSize:        4 kB
MMUPageSize:           4 kB
Locked:                0 kB
VmFlags: rd wr ex mr mp me ac sd 
7f4682ec1000-7f4682ed3000 r-xp 00000000 fd:00 344                        /usr/lib64/libnss_myhostname.so.2
Size:                 72 kB
Rss:                  48 kB
Pss:                  24 kB
Shared_Clean:         48 kB
Shared_Dirty:          0 kB
Private_Clean:         0 kB
Private_Dirty:         0 kB
Referenced:           48 kB
Anonymous:             0 kB
AnonHugePages:         0 kB
Swap:                  0 kB
KernelPageSize:        4 kB
MMUPageSize:           4 kB
Locked:                0 kB
VmFlags: rd ex mr mp me sd 
7f4682ed3000-7f46830d2000 ---p 00012000 fd:00 344                        /usr/lib64/libnss_myhostname.so.2
Size:               2044 kB
Rss:                   0 kB
Pss:                   0 kB
Shared_Clean:          0 kB
Shared_Dirty:          0 kB
Private_Clean:         0 kB
Private_Dirty:         0 kB
Referenced:            0 kB
Anonymous:             0 kB
AnonHugePages:         0 kB
Swap:                  0 kB
KernelPageSize:        4 kB
MMUPageSize:           4 kB
Locked:                0 kB
VmFlags: mr mp me sd 
7f46830d2000-7f46830d5000 r-xp 00011000 fd:00 344                        /usr/lib64/libnss_myhostname.so.2
Size:                 12 kB
Rss:                  12 kB
Pss:                  12 kB
Shared_Clean:          0 kB
Shared_Dirty:          0 kB
Private_Clean:         0 kB
Private_Dirty:        12 kB
Referenced:           12 kB
Anonymous:            12 kB
AnonHugePages:         0 kB
Swap:                  0 kB
KernelPageSize:        4 kB
MMUPageSize:           4 kB
Locked:                0 kB
VmFlags: rd ex mr mp me ac sd 
7f46830d5000-7f46830d6000 rwxp 00014000 fd:00 344                        /usr/lib64/libnss_myhostname.so.2
Size:                  4 kB
Rss:                   4 kB
Pss:                   4 kB
Shared_Clean:          0 kB
Shared_Dirty:          0 kB
Private_Clean:         0 kB
Private_Dirty:         4 kB
Referenced:            4 kB
Anonymous:             4 kB
AnonHugePages:         0 kB
Swap:                  0 kB
KernelPageSize:        4 kB
MMUPageSize:           4 kB
Locked:                0 kB
VmFlags: rd wr ex mr mp me ac sd 
7f46830d6000-7f46830ec000 r-xp 00000000 fd:00 9983                       /usr/lib64/libresolv-2.17.so
Size:                 88 kB
Rss:                  56 kB
Pss:                  28 kB
Shared_Clean:         56 kB
Shared_Dirty:          0 kB
Private_Clean:         0 kB
Private_Dirty:         0 kB
Referenced:           56 kB
Anonymous:             0 kB
AnonHugePages:         0 kB
Swap:                  0 kB
KernelPageSize:        4 kB
MMUPageSize:           4 kB
Locked:                0 kB
VmFlags: rd ex mr mp me sd 
7f46830ec000-7f46832ec000 ---p 00016000 fd:00 9983                       /usr/lib64/libresolv-2.17.so
Size:               2048 kB
Rss:                   0 kB
Pss:                   0 kB
Shared_Clean:          0 kB
Shared_Dirty:          0 kB
Private_Clean:         0 kB
Private_Dirty:         0 kB
Referenced:            0 kB
Anonymous:             0 kB
AnonHugePages:         0 kB
Swap:                  0 kB
KernelPageSize:        4 kB
MMUPageSize:           4 kB
Locked:                0 kB
VmFlags: mr mp me sd 
7f46832ec000-7f46832ed000 r-xp 00016000 fd:00 9983                       /usr/lib64/libresolv-2.17.so
Size:                  4 kB
Rss:                   4 kB
Pss:                   4 kB
Shared_Clean:          0 kB
Shared_Dirty:          0 kB
Private_Clean:         0 kB
Private_Dirty:         4 kB
Referenced:            4 kB
Anonymous:             4 kB
AnonHugePages:         0 kB
Swap:                  0 kB
KernelPageSize:        4 kB
MMUPageSize:           4 kB
Locked:                0 kB
VmFlags: rd ex mr mp me ac sd 
7f46832ed000-7f46832ee000 rwxp 00017000 fd:00 9983                       /usr/lib64/libresolv-2.17.so
Size:                  4 kB
Rss:                   4 kB
Pss:                   4 kB
Shared_Clean:          0 kB
Shared_Dirty:          0 kB
Private_Clean:         0 kB
Private_Dirty:         4 kB
Referenced:            4 kB
Anonymous:             4 kB
AnonHugePages:         0 kB
Swap:                  0 kB
KernelPageSize:        4 kB
MMUPageSize:           4 kB
Locked:                0 kB
VmFlags: rd wr ex mr mp me ac sd 
7f46832ee000-7f46832f0000 rwxp 00000000 00:00 0 
Size:                  8 kB
Rss:                   0 kB
Pss:                   0 kB
Shared_Clean:          0 kB
Shared_Dirty:          0 kB
Private_Clean:         0 kB
Private_Dirty:         0 kB
Referenced:            0 kB
Anonymous:             0 kB
AnonHugePages:         0 kB
Swap:                  0 kB
KernelPageSize:        4 kB
MMUPageSize:           4 kB
Locked:                0 kB
VmFlags: rd wr ex mr mp me ac sd 
7f46832f0000-7f46832f6000 r-xp 00000000 fd:00 9971                       /usr/lib64/libnss_dns-2.17.so
Size:                 24 kB
Rss:                  20 kB
Pss:                  14 kB
Shared_Clean:         12 kB
Shared_Dirty:          0 kB
Private_Clean:         8 kB
Private_Dirty:         0 kB
Referenced:           20 kB
Anonymous:             0 kB
AnonHugePages:         0 kB
Swap:                  0 kB
KernelPageSize:        4 kB
MMUPageSize:           4 kB
Locked:                0 kB
VmFlags: rd ex mr mp me sd 
7f46832f6000-7f46834f5000 ---p 00006000 fd:00 9971                       /usr/lib64/libnss_dns-2.17.so
Size:               2044 kB
Rss:                   0 kB
Pss:                   0 kB
Shared_Clean:          0 kB
Shared_Dirty:          0 kB
Private_Clean:         0 kB
Private_Dirty:         0 kB
Referenced:            0 kB
Anonymous:             0 kB
AnonHugePages:         0 kB
Swap:                  0 kB
KernelPageSize:        4 kB
MMUPageSize:           4 kB
Locked:                0 kB
VmFlags: mr mp me sd 
7f46834f5000-7f46834f6000 r-xp 00005000 fd:00 9971                       /usr/lib64/libnss_dns-2.17.so
Size:                  4 kB
Rss:                   4 kB
Pss:                   4 kB
Shared_Clean:          0 kB
Shared_Dirty:          0 kB
Private_Clean:         0 kB
Private_Dirty:         4 kB
Referenced:            4 kB
Anonymous:             4 kB
AnonHugePages:         0 kB
Swap:                  0 kB
KernelPageSize:        4 kB
MMUPageSize:           4 kB
Locked:                0 kB
VmFlags: rd ex mr mp me ac sd 
7f46834f6000-7f46834f7000 rwxp 00006000 fd:00 9971                       /usr/lib64/libnss_dns-2.17.so
Size:                  4 kB
Rss:                   4 kB
Pss:                   4 kB
Shared_Clean:          0 kB
Shared_Dirty:          0 kB
Private_Clean:         0 kB
Private_Dirty:         4 kB
Referenced:            4 kB
Anonymous:             4 kB
AnonHugePages:         0 kB
Swap:                  0 kB
KernelPageSize:        4 kB
MMUPageSize:           4 kB
Locked:                0 kB
VmFlags: rd wr ex mr mp me ac sd 
7f46834f7000-7f468365d000 r-xp 00000000 fd:00 147900266                  /opt/cadence/XCELIUM2009/tools.lnx86/lib/64bit/libStrapNC.so
Size:               1432 kB
Rss:                 844 kB
Pss:                 844 kB
Shared_Clean:          0 kB
Shared_Dirty:          0 kB
Private_Clean:       844 kB
Private_Dirty:         0 kB
Referenced:          820 kB
Anonymous:             0 kB
AnonHugePages:         0 kB
Swap:                  0 kB
KernelPageSize:        4 kB
MMUPageSize:           4 kB
Locked:                0 kB
VmFlags: rd ex mr mp me sd 
7f468365d000-7f468385c000 ---p 00166000 fd:00 147900266                  /opt/cadence/XCELIUM2009/tools.lnx86/lib/64bit/libStrapNC.so
Size:               2044 kB
Rss:                   0 kB
Pss:                   0 kB
Shared_Clean:          0 kB
Shared_Dirty:          0 kB
Private_Clean:         0 kB
Private_Dirty:         0 kB
Referenced:            0 kB
Anonymous:             0 kB
AnonHugePages:         0 kB
Swap:                  0 kB
KernelPageSize:        4 kB
MMUPageSize:           4 kB
Locked:                0 kB
VmFlags: mr mp me sd 
7f468385c000-7f468385e000 r-xp 00165000 fd:00 147900266                  /opt/cadence/XCELIUM2009/tools.lnx86/lib/64bit/libStrapNC.so
Size:                  8 kB
Rss:                   8 kB
Pss:                   8 kB
Shared_Clean:          0 kB
Shared_Dirty:          0 kB
Private_Clean:         0 kB
Private_Dirty:         8 kB
Referenced:            8 kB
Anonymous:             8 kB
AnonHugePages:         0 kB
Swap:                  0 kB
KernelPageSize:        4 kB
MMUPageSize:           4 kB
Locked:                0 kB
VmFlags: rd ex mr mp me ac sd 
7f468385e000-7f4683893000 rwxp 00167000 fd:00 147900266                  /opt/cadence/XCELIUM2009/tools.lnx86/lib/64bit/libStrapNC.so
Size:                212 kB
Rss:                 120 kB
Pss:                 120 kB
Shared_Clean:          0 kB
Shared_Dirty:          0 kB
Private_Clean:         0 kB
Private_Dirty:       120 kB
Referenced:          120 kB
Anonymous:           120 kB
AnonHugePages:         0 kB
Swap:                  0 kB
KernelPageSize:        4 kB
MMUPageSize:           4 kB
Locked:                0 kB
VmFlags: rd wr ex mr mp me ac sd 
7f4683893000-7f46838a1000 rwxp 00000000 00:00 0 
Size:                 56 kB
Rss:                  32 kB
Pss:                  32 kB
Shared_Clean:          0 kB
Shared_Dirty:          0 kB
Private_Clean:         0 kB
Private_Dirty:        32 kB
Referenced:           32 kB
Anonymous:            32 kB
AnonHugePages:         0 kB
Swap:                  0 kB
KernelPageSize:        4 kB
MMUPageSize:           4 kB
Locked:                0 kB
VmFlags: rd wr ex mr mp me ac sd 
7f46838a1000-7f4683943000 r-xp 00000000 fd:00 217980828                  /opt/cadence/XCELIUM2009/tools.lnx86/simvision/lib/64bit/libdcapi.so
Size:                648 kB
Rss:                 456 kB
Pss:                 456 kB
Shared_Clean:          0 kB
Shared_Dirty:          0 kB
Private_Clean:       456 kB
Private_Dirty:         0 kB
Referenced:          308 kB
Anonymous:             0 kB
AnonHugePages:         0 kB
Swap:                  0 kB
KernelPageSize:        4 kB
MMUPageSize:           4 kB
Locked:                0 kB
VmFlags: rd ex mr mp me sd 
7f4683943000-7f4683b43000 ---p 000a2000 fd:00 217980828                  /opt/cadence/XCELIUM2009/tools.lnx86/simvision/lib/64bit/libdcapi.so
Size:               2048 kB
Rss:                   0 kB
Pss:                   0 kB
Shared_Clean:          0 kB
Shared_Dirty:          0 kB
Private_Clean:         0 kB
Private_Dirty:         0 kB
Referenced:            0 kB
Anonymous:             0 kB
AnonHugePages:         0 kB
Swap:                  0 kB
KernelPageSize:        4 kB
MMUPageSize:           4 kB
Locked:                0 kB
VmFlags: mr mp me sd 
7f4683b43000-7f4683b44000 r-xp 000a2000 fd:00 217980828                  /opt/cadence/XCELIUM2009/tools.lnx86/simvision/lib/64bit/libdcapi.so
Size:                  4 kB
Rss:                   4 kB
Pss:                   4 kB
Shared_Clean:          0 kB
Shared_Dirty:          0 kB
Private_Clean:         0 kB
Private_Dirty:         4 kB
Referenced:            4 kB
Anonymous:             4 kB
AnonHugePages:         0 kB
Swap:                  0 kB
KernelPageSize:        4 kB
MMUPageSize:           4 kB
Locked:                0 kB
VmFlags: rd ex mr mp me ac sd 
7f4683b44000-7f4683b4f000 rwxp 000a3000 fd:00 217980828                  /opt/cadence/XCELIUM2009/tools.lnx86/simvision/lib/64bit/libdcapi.so
Size:                 44 kB
Rss:                  40 kB
Pss:                  40 kB
Shared_Clean:          0 kB
Shared_Dirty:          0 kB
Private_Clean:         0 kB
Private_Dirty:        40 kB
Referenced:           40 kB
Anonymous:            40 kB
AnonHugePages:         0 kB
Swap:                  0 kB
KernelPageSize:        4 kB
MMUPageSize:           4 kB
Locked:                0 kB
VmFlags: rd wr ex mr mp me ac sd 
7f4683b4f000-7f4683b50000 rwxp 00000000 00:00 0 
Size:                  4 kB
Rss:                   4 kB
Pss:                   4 kB
Shared_Clean:          0 kB
Shared_Dirty:          0 kB
Private_Clean:         0 kB
Private_Dirty:         4 kB
Referenced:            4 kB
Anonymous:             4 kB
AnonHugePages:         0 kB
Swap:                  0 kB
KernelPageSize:        4 kB
MMUPageSize:           4 kB
Locked:                0 kB
VmFlags: rd wr ex mr mp me ac sd 
7f4683b50000-7f4683b5c000 r-xp 00000000 fd:00 9973                       /usr/lib64/libnss_files-2.17.so
Size:                 48 kB
Rss:                  32 kB
Pss:                   6 kB
Shared_Clean:         32 kB
Shared_Dirty:          0 kB
Private_Clean:         0 kB
Private_Dirty:         0 kB
Referenced:           32 kB
Anonymous:             0 kB
AnonHugePages:         0 kB
Swap:                  0 kB
KernelPageSize:        4 kB
MMUPageSize:           4 kB
Locked:                0 kB
VmFlags: rd ex mr mp me sd 
7f4683b5c000-7f4683d5b000 ---p 0000c000 fd:00 9973                       /usr/lib64/libnss_files-2.17.so
Size:               2044 kB
Rss:                   0 kB
Pss:                   0 kB
Shared_Clean:          0 kB
Shared_Dirty:          0 kB
Private_Clean:         0 kB
Private_Dirty:         0 kB
Referenced:            0 kB
Anonymous:             0 kB
AnonHugePages:         0 kB
Swap:                  0 kB
KernelPageSize:        4 kB
MMUPageSize:           4 kB
Locked:                0 kB
VmFlags: mr mp me sd 
7f4683d5b000-7f4683d5c000 r-xp 0000b000 fd:00 9973                       /usr/lib64/libnss_files-2.17.so
Size:                  4 kB
Rss:                   4 kB
Pss:                   4 kB
Shared_Clean:          0 kB
Shared_Dirty:          0 kB
Private_Clean:         0 kB
Private_Dirty:         4 kB
Referenced:            4 kB
Anonymous:             4 kB
AnonHugePages:         0 kB
Swap:                  0 kB
KernelPageSize:        4 kB
MMUPageSize:           4 kB
Locked:                0 kB
VmFlags: rd ex mr mp me ac sd 
7f4683d5c000-7f4683d5d000 rwxp 0000c000 fd:00 9973                       /usr/lib64/libnss_files-2.17.so
Size:                  4 kB
Rss:                   4 kB
Pss:                   4 kB
Shared_Clean:          0 kB
Shared_Dirty:          0 kB
Private_Clean:         0 kB
Private_Dirty:         4 kB
Referenced:            4 kB
Anonymous:             4 kB
AnonHugePages:         0 kB
Swap:                  0 kB
KernelPageSize:        4 kB
MMUPageSize:           4 kB
Locked:                0 kB
VmFlags: rd wr ex mr mp me ac sd 
7f4683d5d000-7f4683d63000 rwxp 00000000 00:00 0 
Size:                 24 kB
Rss:                   0 kB
Pss:                   0 kB
Shared_Clean:          0 kB
Shared_Dirty:          0 kB
Private_Clean:         0 kB
Private_Dirty:         0 kB
Referenced:            0 kB
Anonymous:             0 kB
AnonHugePages:         0 kB
Swap:                  0 kB
KernelPageSize:        4 kB
MMUPageSize:           4 kB
Locked:                0 kB
VmFlags: rd wr ex mr mp me ac sd 
7f4683d63000-7f4683d64000 ---p 00000000 00:00 0 
Size:                  4 kB
Rss:                   0 kB
Pss:                   0 kB
Shared_Clean:          0 kB
Shared_Dirty:          0 kB
Private_Clean:         0 kB
Private_Dirty:         0 kB
Referenced:            0 kB
Anonymous:             0 kB
AnonHugePages:         0 kB
Swap:                  0 kB
KernelPageSize:        4 kB
MMUPageSize:           4 kB
Locked:                0 kB
VmFlags: mr mp me ac sd 
7f4683d64000-7f4684564000 rwxp 00000000 00:00 0 
Size:               8192 kB
Rss:                  28 kB
Pss:                  28 kB
Shared_Clean:          0 kB
Shared_Dirty:          0 kB
Private_Clean:         0 kB
Private_Dirty:        28 kB
Referenced:           28 kB
Anonymous:            28 kB
AnonHugePages:         0 kB
Swap:                  0 kB
KernelPageSize:        4 kB
MMUPageSize:           4 kB
Locked:                0 kB
VmFlags: rd wr ex mr mp me ac sd 
7f4684564000-7f46845c1000 r-xp 00000000 fd:00 151973973                  /opt/cadence/XCELIUM2009/tools.lnx86/inca/lib/64bit/libcbreakpad.so
Size:                372 kB
Rss:                 136 kB
Pss:                 136 kB
Shared_Clean:          0 kB
Shared_Dirty:          0 kB
Private_Clean:       136 kB
Private_Dirty:         0 kB
Referenced:          132 kB
Anonymous:             0 kB
AnonHugePages:         0 kB
Swap:                  0 kB
KernelPageSize:        4 kB
MMUPageSize:           4 kB
Locked:                0 kB
VmFlags: rd ex mr mp me sd 
7f46845c1000-7f46847c1000 ---p 0005d000 fd:00 151973973                  /opt/cadence/XCELIUM2009/tools.lnx86/inca/lib/64bit/libcbreakpad.so
Size:               2048 kB
Rss:                   0 kB
Pss:                   0 kB
Shared_Clean:          0 kB
Shared_Dirty:          0 kB
Private_Clean:         0 kB
Private_Dirty:         0 kB
Referenced:            0 kB
Anonymous:             0 kB
AnonHugePages:         0 kB
Swap:                  0 kB
KernelPageSize:        4 kB
MMUPageSize:           4 kB
Locked:                0 kB
VmFlags: mr mp me sd 
7f46847c1000-7f46847c2000 r-xp 0005d000 fd:00 151973973                  /opt/cadence/XCELIUM2009/tools.lnx86/inca/lib/64bit/libcbreakpad.so
Size:                  4 kB
Rss:                   4 kB
Pss:                   4 kB
Shared_Clean:          0 kB
Shared_Dirty:          0 kB
Private_Clean:         0 kB
Private_Dirty:         4 kB
Referenced:            4 kB
Anonymous:             4 kB
AnonHugePages:         0 kB
Swap:                  0 kB
KernelPageSize:        4 kB
MMUPageSize:           4 kB
Locked:                0 kB
VmFlags: rd ex mr mp me ac sd 
7f46847c2000-7f46847c5000 rwxp 0005e000 fd:00 151973973                  /opt/cadence/XCELIUM2009/tools.lnx86/inca/lib/64bit/libcbreakpad.so
Size:                 12 kB
Rss:                  12 kB
Pss:                  12 kB
Shared_Clean:          0 kB
Shared_Dirty:          0 kB
Private_Clean:         0 kB
Private_Dirty:        12 kB
Referenced:           12 kB
Anonymous:            12 kB
AnonHugePages:         0 kB
Swap:                  0 kB
KernelPageSize:        4 kB
MMUPageSize:           4 kB
Locked:                0 kB
VmFlags: rd wr ex mr mp me ac sd 
7f46847c5000-7f46847cc000 rwxp 00000000 00:00 0 
Size:                 28 kB
Rss:                  16 kB
Pss:                  16 kB
Shared_Clean:          0 kB
Shared_Dirty:          0 kB
Private_Clean:         0 kB
Private_Dirty:        16 kB
Referenced:           12 kB
Anonymous:            16 kB
AnonHugePages:         0 kB
Swap:                  0 kB
KernelPageSize:        4 kB
MMUPageSize:           4 kB
Locked:                0 kB
VmFlags: rd wr ex mr mp me ac sd 
7f46847cc000-7f4684990000 r-xp 00000000 fd:00 9955                       /usr/lib64/libc-2.17.so
Size:               1808 kB
Rss:                 920 kB
Pss:                 138 kB
Shared_Clean:        832 kB
Shared_Dirty:          0 kB
Private_Clean:        88 kB
Private_Dirty:         0 kB
Referenced:          908 kB
Anonymous:             0 kB
AnonHugePages:         0 kB
Swap:                  0 kB
KernelPageSize:        4 kB
MMUPageSize:           4 kB
Locked:                0 kB
VmFlags: rd ex mr mp me sd 
7f4684990000-7f4684b8f000 ---p 001c4000 fd:00 9955                       /usr/lib64/libc-2.17.so
Size:               2044 kB
Rss:                   0 kB
Pss:                   0 kB
Shared_Clean:          0 kB
Shared_Dirty:          0 kB
Private_Clean:         0 kB
Private_Dirty:         0 kB
Referenced:            0 kB
Anonymous:             0 kB
AnonHugePages:         0 kB
Swap:                  0 kB
KernelPageSize:        4 kB
MMUPageSize:           4 kB
Locked:                0 kB
VmFlags: mr mp me sd 
7f4684b8f000-7f4684b93000 r-xp 001c3000 fd:00 9955                       /usr/lib64/libc-2.17.so
Size:                 16 kB
Rss:                  16 kB
Pss:                  16 kB
Shared_Clean:          0 kB
Shared_Dirty:          0 kB
Private_Clean:         0 kB
Private_Dirty:        16 kB
Referenced:           16 kB
Anonymous:            16 kB
AnonHugePages:         0 kB
Swap:                  0 kB
KernelPageSize:        4 kB
MMUPageSize:           4 kB
Locked:                0 kB
VmFlags: rd ex mr mp me ac sd 
7f4684b93000-7f4684b95000 rwxp 001c7000 fd:00 9955                       /usr/lib64/libc-2.17.so
Size:                  8 kB
Rss:                   8 kB
Pss:                   8 kB
Shared_Clean:          0 kB
Shared_Dirty:          0 kB
Private_Clean:         0 kB
Private_Dirty:         8 kB
Referenced:            8 kB
Anonymous:             8 kB
AnonHugePages:         0 kB
Swap:                  0 kB
KernelPageSize:        4 kB
MMUPageSize:           4 kB
Locked:                0 kB
VmFlags: rd wr ex mr mp me ac sd 
7f4684b95000-7f4684b9a000 rwxp 00000000 00:00 0 
Size:                 20 kB
Rss:                  20 kB
Pss:                  20 kB
Shared_Clean:          0 kB
Shared_Dirty:          0 kB
Private_Clean:         0 kB
Private_Dirty:        20 kB
Referenced:           20 kB
Anonymous:            20 kB
AnonHugePages:         0 kB
Swap:                  0 kB
KernelPageSize:        4 kB
MMUPageSize:           4 kB
Locked:                0 kB
VmFlags: rd wr ex mr mp me ac sd 
7f4684b9a000-7f4684bb0000 r-xp 00000000 fd:00 150208560                  /opt/cadence/XCELIUM2009/tools.lnx86/lib/64bit/libgcc_s.so.1
Size:                 88 kB
Rss:                  20 kB
Pss:                   8 kB
Shared_Clean:         20 kB
Shared_Dirty:          0 kB
Private_Clean:         0 kB
Private_Dirty:         0 kB
Referenced:           20 kB
Anonymous:             0 kB
AnonHugePages:         0 kB
Swap:                  0 kB
KernelPageSize:        4 kB
MMUPageSize:           4 kB
Locked:                0 kB
VmFlags: rd ex mr mp me sd 
7f4684bb0000-7f4684daf000 ---p 00016000 fd:00 150208560                  /opt/cadence/XCELIUM2009/tools.lnx86/lib/64bit/libgcc_s.so.1
Size:               2044 kB
Rss:                   0 kB
Pss:                   0 kB
Shared_Clean:          0 kB
Shared_Dirty:          0 kB
Private_Clean:         0 kB
Private_Dirty:         0 kB
Referenced:            0 kB
Anonymous:             0 kB
AnonHugePages:         0 kB
Swap:                  0 kB
KernelPageSize:        4 kB
MMUPageSize:           4 kB
Locked:                0 kB
VmFlags: mr mp me sd 
